2021/06/16 00:09:24 /usr/local/linebot01/linebot-20210313.go:161: 
2021/06/16 00:10:53 /usr/local/linebot01/linebot-20210313.go:161: sig
2021/06/16 00:16:13 /usr/local/linebot01/linebot-20210313.go:161: sig : 
2021/06/16 00:28:03 /usr/local/linebot01/linebot-20210313.go:159: sig : 
2021/06/16 00:28:03 /usr/local/linebot01/linebot-20210313.go:162: sig : 
2021/06/16 00:28:03 /usr/local/linebot01/linebot-20210313.go:168: ここまで
2021/06/16 00:29:18 /usr/local/linebot01/linebot-20210313.go:159: sig : 
2021/06/16 00:29:18 /usr/local/linebot01/linebot-20210313.go:162: sig : 
2021/06/16 00:29:18 /usr/local/linebot01/linebot-20210313.go:168: ここまで
2021/06/16 00:31:18 /usr/lib/golang/src/net/http/server.go:3095: http: TLS handshake error from 183.180.67.58:62268: EOF
2021/06/16 00:31:51 /usr/lib/golang/src/net/http/server.go:3095: http: TLS handshake error from 183.180.67.58:62137: EOF
2021/06/16 00:32:01 /usr/lib/golang/src/net/http/server.go:3095: http: TLS handshake error from 192.241.215.91:36550: tls: client offered only unsupported versions: []
2021/06/17 22:28:44 /usr/local/linebot01/linebot-20210313.go:163: sig : 
2021/06/17 22:28:44 /usr/local/linebot01/linebot-20210313.go:166: sig : 
2021/06/17 22:28:44 /usr/local/linebot01/linebot-20210313.go:172: ここまで
2021/06/17 22:29:50 /usr/lib/golang/src/net/http/server.go:3095: http: TLS handshake error from 147.92.150.196:43914: remote error: tls: internal error
2021/06/17 22:40:38 /usr/lib/golang/src/net/http/server.go:3095: http: TLS handshake error from 162.142.125.54:56280: read tcp 10.138.0.4:443->162.142.125.54:56280: read: connection reset by peer
2021/06/17 23:39:29 /usr/local/linebot01/linebot-20210313.go:172: sig : 
2021/06/17 23:39:29 /usr/local/linebot01/linebot-20210313.go:175: sig : 
2021/06/17 23:39:29 /usr/local/linebot01/linebot-20210313.go:181: ここまで
2021/06/17 23:39:50 /usr/lib/golang/src/net/http/server.go:3095: http: TLS handshake error from 147.92.149.168:38688: remote error: tls: internal error
2021/06/18 11:40:31 /usr/local/linebot01/linebot-20210313.go:184: sig : NkCX3UuMksQVBKsTlCbyxWF6EUCnjDCH+s2IuknDry0=
2021/06/18 11:40:38 /usr/local/linebot01/linebot-20210313.go:184: sig : C50e0z3V0CCUS0sfLHA7qP32bOMBAbv57UF8zeemNoE=
2021/06/18 11:40:38 /usr/lib/golang/src/net/http/h2_bundle.go:4217: http2: panic serving 147.92.150.196:49310: dial tcp 127.0.0.1:3306: connect: connection refused
goroutine 25 [running]:
net/http.(*http2serverConn).runHandler.func1(0xc0000100d0, 0xc00012bf8e, 0xc000108480)
	/usr/lib/golang/src/net/http/h2_bundle.go:5712 +0x16f
panic(0x708940, 0xc000132490)
	/usr/lib/golang/src/runtime/panic.go:969 +0x1b9
linebotmodule/myfunc.errorCheck(...)
	/usr/local/linebot01/myfunc/myfunc.go:50
linebotmodule/myfunc.Connectdb(0x75)
	/usr/local/linebot01/myfunc/myfunc.go:62 +0x205
linebotmodule/myfunc.Select_kaiin_host(0xc0000245d0, 0x21, 0x0, 0x0, 0x0)
	/usr/local/linebot01/myfunc/myfunc.go:143 +0x66
main.returnHTTPServer(0x7e1580, 0xc0000100d0, 0xc0000f8700)
	/usr/local/linebot01/linebot-20210313.go:198 +0x345
net/http.HandlerFunc.ServeHTTP(0x790388, 0x7e1580, 0xc0000100d0, 0xc0000f8700)
	/usr/lib/golang/src/net/http/server.go:2042 +0x44
net/http.(*ServeMux).ServeHTTP(0xc0000522c0, 0x7e1580, 0xc0000100d0, 0xc0000f8700)
	/usr/lib/golang/src/net/http/server.go:2417 +0x1ad
net/http.serverHandler.ServeHTTP(0xc0000b0000, 0x7e1580, 0xc0000100d0, 0xc0000f8700)
	/usr/lib/golang/src/net/http/server.go:2843 +0xa3
net/http.initALPNRequest.ServeHTTP(0x7e1f80, 0xc00006bcb0, 0xc000071880, 0xc0000b0000, 0x7e1580, 0xc0000100d0, 0xc0000f8700)
	/usr/lib/golang/src/net/http/server.go:3415 +0x8d
net/http.(*http2serverConn).runHandler(0xc000108480, 0xc0000100d0, 0xc0000f8700, 0xc00000f860)
	/usr/lib/golang/src/net/http/h2_bundle.go:5719 +0x8b
created by net/http.(*http2serverConn).processHeaders
	/usr/lib/golang/src/net/http/h2_bundle.go:5453 +0x505
2021/06/18 11:42:12 /usr/local/linebot01/linebot-20210313.go:184: sig : sA51mGSgJNhoCn6hnHE1WzV2ZvKiaQT4MBXbWbMvSjg=
2021/06/18 11:42:12 /usr/local/linebot01/linebot-20210313.go:219: linebot: APIError 401 Authentication failed. Confirm that the access token in the authorization header is valid.
2021/06/18 11:42:13 /usr/local/linebot01/linebot-20210313.go:240: linebot: APIError 401 Authentication failed. Confirm that the access token in the authorization header is valid.
2021/06/18 11:42:39 /usr/local/linebot01/linebot-20210313.go:184: sig : NkCX3UuMksQVBKsTlCbyxWF6EUCnjDCH+s2IuknDry0=
2021/06/18 11:46:11 /usr/local/linebot01/linebot-20210313.go:215: linebot: APIError 401 Authentication failed. Confirm that the access token in the authorization header is valid.
2021/06/18 11:46:12 /usr/local/linebot01/linebot-20210313.go:236: linebot: APIError 401 Authentication failed. Confirm that the access token in the authorization header is valid.
2021/06/18 11:59:40 /usr/lib/golang/src/net/http/server.go:3095: http: TLS handshake error from 97.107.129.152:61000: tls: client offered only unsupported versions: [302 301]
2021/06/18 12:03:42 /usr/lib/golang/src/net/http/server.go:3095: http: TLS handshake error from 88.80.189.24:40624: read tcp 10.138.0.4:443->88.80.189.24:40624: read: connection reset by peer
2021/06/18 12:04:00 /usr/local/linebot01/linebot-20210313.go:215: linebot: APIError 401 Authentication failed. Confirm that the access token in the authorization header is valid.
2021/06/18 12:04:00 /usr/local/linebot01/linebot-20210313.go:236: linebot: APIError 401 Authentication failed. Confirm that the access token in the authorization header is valid.
2021/06/18 12:14:58 /usr/lib/golang/src/net/http/server.go:3095: http: TLS handshake error from 209.17.96.218:61104: tls: client offered only unsupported versions: [302 301]
2021/06/18 12:23:25 /usr/local/linebot01/linebot-20210313.go:215: linebot: APIError 401 Authentication failed. Confirm that the access token in the authorization header is valid.
2021/06/18 12:23:25 /usr/local/linebot01/linebot-20210313.go:236: linebot: APIError 401 Authentication failed. Confirm that the access token in the authorization header is valid.
2021/06/18 12:26:11 /usr/local/linebot01/linebot-20210313.go:215: linebot: APIError 401 Authentication failed. Confirm that the access token in the authorization header is valid.
2021/06/18 15:31:08 /usr/local/linebot01/linebot-20210313.go:215: linebot: APIError 401 Authentication failed. Confirm that the access token in the authorization header is valid.
2021/06/18 16:23:11 /usr/local/linebot01/linebot-20210313.go:215: linebot: APIError 401 Authentication failed. Confirm that the access token in the authorization header is valid.
2021/06/18 16:47:56 /usr/local/linebot01/linebot-20210313.go:178: b1d4b4eff13771ec1ec455e881babdd7
2021/06/18 16:47:56 /usr/local/linebot01/linebot-20210313.go:179: ZZTYTAXZRkRxFpx9rxpo+ftCFH+7xvufn3Q/6QRFRGAX+du3qoOHG0BV2MFmmXh52Re5a5JYAgOreegJnNBIYAfN9EXwY4MfaR42jL4sieM1AlpGcGGk4TL+6Wko3QuPvNruY2ptbw4H+Zw4lNSwPgdB04t89/1O/w1cDnyilFU=
2021/06/18 16:47:56 /usr/local/linebot01/linebot-20210313.go:217: linebot: APIError 401 Authentication failed. Confirm that the access token in the authorization header is valid.
2021/06/18 16:51:07 /usr/local/linebot01/linebot-20210313.go:215: linebot: APIError 401 Authentication failed. Confirm that the access token in the authorization header is valid.
2021/06/18 16:56:39 /usr/local/linebot01/linebot-20210313.go:215: linebot: APIError 401 Authentication failed. Confirm that the access token in the authorization header is valid.
2021/06/18 17:26:13 /usr/local/linebot01/linebot-20210313.go:215: linebot: APIError 401 Authentication failed. Confirm that the access token in the authorization header is valid.
2021/06/18 17:26:14 /usr/local/linebot01/linebot-20210313.go:236: linebot: APIError 401 Authentication failed. Confirm that the access token in the authorization header is valid.
2021/06/18 17:27:48 /usr/local/linebot01/linebot-20210313.go:236: linebot: APIError 400 Invalid reply token
2021/06/18 17:30:49 /usr/local/linebot01/linebot-20210313.go:215: linebot: APIError 401 Authentication failed. Confirm that the access token in the authorization header is valid.
2021/06/18 17:30:49 /usr/local/linebot01/linebot-20210313.go:236: linebot: APIError 401 Authentication failed. Confirm that the access token in the authorization header is valid.
2021/06/18 17:40:35 /usr/local/linebot01/linebot-20210313.go:236: linebot: APIError 400 Invalid reply token
2021/06/18 17:42:17 /usr/local/linebot01/linebot-20210313.go:236: linebot: APIError 400 Invalid reply token
2021/06/18 17:43:10 /usr/local/linebot01/linebot-20210313.go:236: linebot: APIError 400 Invalid reply token
2021/06/18 17:43:20 /usr/local/linebot01/linebot-20210313.go:236: linebot: APIError 400 Invalid reply token
2021/06/18 17:43:24 /usr/local/linebot01/linebot-20210313.go:236: linebot: APIError 400 Invalid reply token
2021/06/18 17:58:29 /usr/lib/golang/src/net/http/server.go:3095: http: TLS handshake error from 45.79.151.57:61000: tls: client offered only unsupported versions: [302 301]
2021/06/18 18:44:13 /usr/lib/golang/src/net/http/server.go:3095: http: TLS handshake error from 74.120.14.37:53196: read tcp 10.138.0.4:443->74.120.14.37:53196: read: connection reset by peer
2021/06/18 19:47:11 /usr/lib/golang/src/net/http/server.go:3095: http: TLS handshake error from 162.142.125.53:43926: read tcp 10.138.0.4:443->162.142.125.53:43926: read: connection reset by peer
2021/06/18 19:58:01 /usr/lib/golang/src/net/http/server.go:3095: http: TLS handshake error from 45.79.176.243:61000: tls: client offered only unsupported versions: [302 301]
2021/06/18 20:19:06 /usr/lib/golang/src/net/http/server.go:3095: http: TLS handshake error from 192.241.217.154:36096: read tcp 10.138.0.4:443->192.241.217.154:36096: read: connection reset by peer
2021/06/18 20:19:06 /usr/lib/golang/src/net/http/server.go:3095: http: TLS handshake error from 192.241.217.154:36122: read tcp 10.138.0.4:443->192.241.217.154:36122: read: connection reset by peer
2021/06/18 20:19:06 /usr/lib/golang/src/net/http/server.go:3095: http: TLS handshake error from 192.241.217.154:36188: tls: no cipher suite supported by both client and server
2021/06/18 20:19:07 /usr/lib/golang/src/net/http/server.go:3095: http: TLS handshake error from 192.241.217.154:36308: read tcp 10.138.0.4:443->192.241.217.154:36308: read: connection reset by peer
2021/06/18 20:19:10 /usr/lib/golang/src/net/http/server.go:3095: http: TLS handshake error from 192.241.217.154:37260: read tcp 10.138.0.4:443->192.241.217.154:37260: read: connection reset by peer
2021/06/18 20:19:11 /usr/lib/golang/src/net/http/server.go:3095: http: TLS handshake error from 192.241.217.154:39660: tls: client offered only unsupported versions: [302 301]
2021/06/18 20:19:12 /usr/lib/golang/src/net/http/server.go:3095: http: TLS handshake error from 192.241.217.154:40454: read tcp 10.138.0.4:443->192.241.217.154:40454: read: connection reset by peer
2021/06/18 20:19:15 /usr/lib/golang/src/net/http/server.go:3095: http: TLS handshake error from 192.241.217.154:41360: read tcp 10.138.0.4:443->192.241.217.154:41360: read: connection reset by peer
2021/06/18 20:19:16 /usr/lib/golang/src/net/http/server.go:3095: http: TLS handshake error from 192.241.217.154:44128: read tcp 10.138.0.4:443->192.241.217.154:44128: read: connection reset by peer
2021/06/18 20:19:19 /usr/lib/golang/src/net/http/server.go:3095: http: TLS handshake error from 192.241.217.154:45198: read tcp 10.138.0.4:443->192.241.217.154:45198: read: connection reset by peer
2021/06/18 21:24:45 /usr/lib/golang/src/net/http/server.go:3095: http: TLS handshake error from 40.76.228.48:55125: read tcp 10.138.0.4:443->40.76.228.48:55125: i/o timeout
2021/06/18 21:50:20 /usr/lib/golang/src/net/http/server.go:3095: http: TLS handshake error from 61.219.11.151:64995: tls: first record does not look like a TLS handshake
2021/06/18 21:58:58 /usr/lib/golang/src/net/http/server.go:3095: http: TLS handshake error from 45.79.151.57:61000: tls: client offered only unsupported versions: [302 301]
2021/06/18 22:22:23 /usr/lib/golang/src/net/http/server.go:3095: http: TLS handshake error from 113.22.145.224:40773: EOF
2021/06/18 22:36:45 /usr/lib/golang/src/net/http/server.go:3095: http: TLS handshake error from 162.209.206.7:52257: tls: first record does not look like a TLS handshake
2021/06/18 23:38:59 /usr/lib/golang/src/net/http/h2_bundle.go:4217: http2: panic serving 147.92.150.196:55940: runtime error: growslice: cap out of range
goroutine 13 [running]:
net/http.(*http2serverConn).runHandler.func1(0xc000010070, 0xc00011bf8e, 0xc0000f4180)
	/usr/lib/golang/src/net/http/h2_bundle.go:5712 +0x16f
panic(0x71ade0, 0x7d63f0)
	/usr/lib/golang/src/runtime/panic.go:969 +0x1b9
fmt.(*buffer).writeString(...)
	/usr/lib/golang/src/fmt/print.go:82
fmt.(*fmt).padString(0xc00006b630, 0xe7f5d2972dd00901, 0x5c5e201197d293f2)
	/usr/lib/golang/src/fmt/format.go:110 +0xf6
fmt.(*fmt).fmtS(0xc00006b630, 0xe7f5d2972dd00901, 0x5c5e201197d293f2)
	/usr/lib/golang/src/fmt/format.go:359 +0x65
fmt.(*pp).fmtString(0xc00006b5f0, 0xe7f5d2972dd00901, 0x5c5e201197d293f2, 0x76)
	/usr/lib/golang/src/fmt/print.go:447 +0x131
fmt.(*pp).printArg(0xc00006b5f0, 0x708940, 0xc00011e2e0, 0x76)
	/usr/lib/golang/src/fmt/print.go:698 +0x7e7
fmt.(*pp).doPrint(0xc00006b5f0, 0xc00011bb40, 0x1, 0x1)
	/usr/lib/golang/src/fmt/print.go:1161 +0x105
fmt.Sprint(0xc00011bb40, 0x1, 0x1, 0x708780, 0xc000069901)
	/usr/lib/golang/src/fmt/print.go:249 +0x52
log.Print(0xc00011bb40, 0x1, 0x1)
	/usr/lib/golang/src/log/log.go:314 +0x3f
main.returnHTTPServer(0x7e14e0, 0xc000010070, 0xc0000fa300)
	/usr/local/linebot01/linebot-20210313.go:198 +0x2d9
net/http.HandlerFunc.ServeHTTP(0x790320, 0x7e14e0, 0xc000010070, 0xc0000fa300)
	/usr/lib/golang/src/net/http/server.go:2042 +0x44
net/http.(*ServeMux).ServeHTTP(0xc0000502c0, 0x7e14e0, 0xc000010070, 0xc0000fa300)
	/usr/lib/golang/src/net/http/server.go:2417 +0x1ad
net/http.serverHandler.ServeHTTP(0xc0000b0000, 0x7e14e0, 0xc000010070, 0xc0000fa300)
	/usr/lib/golang/src/net/http/server.go:2843 +0xa3
net/http.initALPNRequest.ServeHTTP(0x7e1ee0, 0xc0000693e0, 0xc00006f500, 0xc0000b0000, 0x7e14e0, 0xc000010070, 0xc0000fa300)
	/usr/lib/golang/src/net/http/server.go:3415 +0x8d
net/http.(*http2serverConn).runHandler(0xc0000f4180, 0xc000010070, 0xc0000fa300, 0xc00000f440)
	/usr/lib/golang/src/net/http/h2_bundle.go:5719 +0x8b
created by net/http.(*http2serverConn).processHeaders
	/usr/lib/golang/src/net/http/h2_bundle.go:5453 +0x505
2021/06/18 23:50:42 /usr/local/linebot01/linebot-20210313.go:198: 0xc000017160
2021/06/19 21:59:14 /usr/lib/golang/src/net/http/server.go:3095: http: TLS handshake error from 50.116.53.47:61000: tls: client offered only unsupported versions: [302 301]
2021/06/19 22:30:34 /usr/lib/golang/src/net/http/server.go:3095: http: TLS handshake error from 91.132.58.66:49574: read tcp 10.138.0.4:443->91.132.58.66:49574: i/o timeout
2021/06/19 23:07:23 /usr/lib/golang/src/net/http/server.go:3095: http: TLS handshake error from 112.104.91.231:56783: EOF
2021/06/19 23:14:43 /usr/lib/golang/src/net/http/server.go:3095: http: TLS handshake error from 162.142.125.38:39092: read tcp 10.138.0.4:443->162.142.125.38:39092: read: connection reset by peer
2021/06/19 23:29:35 /usr/lib/golang/src/net/http/server.go:3095: http: TLS handshake error from 36.227.9.224:43339: EOF
2021/06/19 23:45:40 /usr/lib/golang/src/net/http/server.go:3095: http: TLS handshake error from 66.240.205.34:40440: tls: first record does not look like a TLS handshake
2021/06/19 23:58:03 /usr/lib/golang/src/net/http/server.go:3095: http: TLS handshake error from 69.164.214.225:61000: tls: client offered only unsupported versions: [302 301]
2021/06/20 01:30:51 /usr/lib/golang/src/net/http/server.go:3095: http: TLS handshake error from 207.244.251.241:41850: remote error: tls: bad certificate
2021/06/20 01:59:27 /usr/lib/golang/src/net/http/server.go:3095: http: TLS handshake error from 162.216.17.219:61000: tls: client offered only unsupported versions: [302 301]
2021/06/20 02:55:28 /usr/lib/golang/src/net/http/server.go:3095: http: TLS handshake error from 162.62.123.46:40904: read tcp 10.138.0.4:443->162.62.123.46:40904: i/o timeout
2021/06/20 02:58:43 /usr/lib/golang/src/net/http/server.go:3095: http: TLS handshake error from 74.120.14.40:35290: read tcp 10.138.0.4:443->74.120.14.40:35290: read: connection reset by peer
2021/06/20 03:00:26 /usr/lib/golang/src/net/http/server.go:3095: http: TLS handshake error from 162.142.125.40:36674: read tcp 10.138.0.4:443->162.142.125.40:36674: read: connection reset by peer
2021/06/20 03:58:16 /usr/lib/golang/src/net/http/server.go:3095: http: TLS handshake error from 194.195.113.68:37560: EOF
2021/06/20 03:58:16 /usr/lib/golang/src/net/http/server.go:3095: http: TLS handshake error from 194.195.113.68:37562: tls: first record does not look like a TLS handshake
2021/06/20 03:58:16 /usr/lib/golang/src/net/http/server.go:3095: http: TLS handshake error from 194.195.113.68:37564: tls: first record does not look like a TLS handshake
2021/06/20 03:58:17 /usr/lib/golang/src/net/http/server.go:3095: http: TLS handshake error from 194.195.113.68:37566: tls: first record does not look like a TLS handshake
2021/06/20 03:58:18 /usr/lib/golang/src/net/http/server.go:3095: http: TLS handshake error from 194.195.113.68:37570: tls: first record does not look like a TLS handshake
2021/06/20 03:58:18 /usr/lib/golang/src/net/http/server.go:3095: http: TLS handshake error from 194.195.113.68:37574: tls: first record does not look like a TLS handshake
2021/06/20 03:59:40 /usr/lib/golang/src/net/http/server.go:3095: http: TLS handshake error from 173.255.230.245:61000: tls: client offered only unsupported versions: [302 301]
2021/06/20 04:05:00 /usr/lib/golang/src/net/http/server.go:3095: http: TLS handshake error from 209.17.97.106:50951: tls: client offered only unsupported versions: [302 301]
2021/06/20 04:24:21 /usr/lib/golang/src/net/http/server.go:3095: http: TLS handshake error from 192.241.216.95:41794: read tcp 10.138.0.4:443->192.241.216.95:41794: read: connection reset by peer
2021/06/20 04:24:21 /usr/lib/golang/src/net/http/server.go:3095: http: TLS handshake error from 192.241.216.95:41844: read tcp 10.138.0.4:443->192.241.216.95:41844: read: connection reset by peer
2021/06/20 04:24:21 /usr/lib/golang/src/net/http/server.go:3095: http: TLS handshake error from 192.241.216.95:41898: tls: no cipher suite supported by both client and server
2021/06/20 04:24:21 /usr/lib/golang/src/net/http/server.go:3095: http: TLS handshake error from 192.241.216.95:41934: read tcp 10.138.0.4:443->192.241.216.95:41934: read: connection reset by peer
2021/06/20 04:24:21 /usr/lib/golang/src/net/http/server.go:3095: http: TLS handshake error from 192.241.216.95:41996: read tcp 10.138.0.4:443->192.241.216.95:41996: read: connection reset by peer
2021/06/20 04:24:21 /usr/lib/golang/src/net/http/server.go:3095: http: TLS handshake error from 192.241.216.95:42026: tls: client offered only unsupported versions: [302 301]
2021/06/20 04:24:21 /usr/lib/golang/src/net/http/server.go:3095: http: TLS handshake error from 192.241.216.95:42064: read tcp 10.138.0.4:443->192.241.216.95:42064: read: connection reset by peer
2021/06/20 04:24:21 /usr/lib/golang/src/net/http/server.go:3095: http: TLS handshake error from 192.241.216.95:42124: read tcp 10.138.0.4:443->192.241.216.95:42124: read: connection reset by peer
2021/06/20 04:24:22 /usr/lib/golang/src/net/http/server.go:3095: http: TLS handshake error from 192.241.216.95:42236: read tcp 10.138.0.4:443->192.241.216.95:42236: read: connection reset by peer
2021/06/20 04:24:25 /usr/lib/golang/src/net/http/server.go:3095: http: TLS handshake error from 192.241.216.95:43630: read tcp 10.138.0.4:443->192.241.216.95:43630: read: connection reset by peer
2021/06/20 05:59:37 /usr/lib/golang/src/net/http/server.go:3095: http: TLS handshake error from 50.116.53.227:61000: tls: client offered only unsupported versions: [302 301]
2021/06/20 07:58:30 /usr/lib/golang/src/net/http/server.go:3095: http: TLS handshake error from 172.104.16.7:61000: tls: client offered only unsupported versions: [302 301]
2021/06/20 08:36:11 /usr/lib/golang/src/net/http/server.go:3095: http: TLS handshake error from 104.140.188.34:62186: tls: client offered only unsupported versions: [302 301]
2021/06/20 10:32:58 /usr/lib/golang/src/net/http/server.go:3095: http: TLS handshake error from 209.145.55.127:47642: tls: client offered only unsupported versions: [302 301]
2021/06/20 11:05:57 /usr/lib/golang/src/net/http/server.go:3095: http: TLS handshake error from 162.142.125.55:42592: read tcp 10.138.0.4:443->162.142.125.55:42592: read: connection reset by peer
2021/06/20 11:08:59 /usr/lib/golang/src/net/http/server.go:3095: http: TLS handshake error from 184.105.247.252:54126: tls: client offered only unsupported versions: []
2021/06/20 11:09:45 /usr/lib/golang/src/net/http/server.go:3095: http: TLS handshake error from 184.105.247.252:51170: tls: no cipher suite supported by both client and server
2021/06/20 11:11:50 /usr/lib/golang/src/net/http/server.go:3095: http: TLS handshake error from 184.105.247.252:33272: read tcp 10.138.0.4:443->184.105.247.252:33272: read: connection reset by peer
2021/06/20 11:11:50 /usr/lib/golang/src/net/http/server.go:3095: http: TLS handshake error from 184.105.247.252:35092: read tcp 10.138.0.4:443->184.105.247.252:35092: read: connection reset by peer
2021/06/20 11:11:50 /usr/lib/golang/src/net/http/server.go:3095: http: TLS handshake error from 184.105.247.252:36904: tls: no cipher suite supported by both client and server
2021/06/20 11:11:50 /usr/lib/golang/src/net/http/server.go:3095: http: TLS handshake error from 184.105.247.252:38866: read tcp 10.138.0.4:443->184.105.247.252:38866: read: connection reset by peer
2021/06/20 11:11:50 /usr/lib/golang/src/net/http/server.go:3095: http: TLS handshake error from 184.105.247.252:40726: read tcp 10.138.0.4:443->184.105.247.252:40726: read: connection reset by peer
2021/06/20 11:11:50 /usr/lib/golang/src/net/http/server.go:3095: http: TLS handshake error from 184.105.247.252:42598: tls: client offered only unsupported versions: [302 301]
2021/06/20 11:11:51 /usr/lib/golang/src/net/http/server.go:3095: http: TLS handshake error from 184.105.247.252:44474: read tcp 10.138.0.4:443->184.105.247.252:44474: read: connection reset by peer
2021/06/20 11:11:51 /usr/lib/golang/src/net/http/server.go:3095: http: TLS handshake error from 184.105.247.252:46222: read tcp 10.138.0.4:443->184.105.247.252:46222: read: connection reset by peer
2021/06/20 11:11:51 /usr/lib/golang/src/net/http/server.go:3095: http: TLS handshake error from 184.105.247.252:48150: read tcp 10.138.0.4:443->184.105.247.252:48150: read: connection reset by peer
2021/06/20 11:11:51 /usr/lib/golang/src/net/http/server.go:3095: http: TLS handshake error from 184.105.247.252:50140: read tcp 10.138.0.4:443->184.105.247.252:50140: read: connection reset by peer
2021/06/20 11:15:33 /usr/lib/golang/src/net/http/server.go:3095: http: TLS handshake error from 184.105.247.252:35802: tls: no cipher suite supported by both client and server
2021/06/20 11:59:26 /usr/lib/golang/src/net/http/server.go:3095: http: TLS handshake error from 172.104.16.7:61000: tls: client offered only unsupported versions: [302 301]
2021/06/20 12:09:45 /usr/lib/golang/src/net/http/server.go:3095: http: TLS handshake error from 88.80.189.24:58456: read tcp 10.138.0.4:443->88.80.189.24:58456: read: connection reset by peer
2021/06/20 13:14:24 /usr/lib/golang/src/net/http/h2_bundle.go:4217: http2: server: error reading preface from client 183.180.67.58:61336: read tcp 10.138.0.4:443->183.180.67.58:61336: i/o timeout
2021/06/20 13:50:30 /usr/lib/golang/src/net/http/server.go:3095: http: TLS handshake error from 54.88.36.36:53764: EOF
2021/06/20 13:50:30 /usr/lib/golang/src/net/http/server.go:3095: http: TLS handshake error from 54.88.36.36:53800: tls: client offered only unsupported versions: [304]
2021/06/20 13:50:30 /usr/lib/golang/src/net/http/server.go:3095: http: TLS handshake error from 54.88.36.36:53848: tls: client offered only unsupported versions: [304]
2021/06/20 13:50:31 /usr/lib/golang/src/net/http/server.go:3095: http: TLS handshake error from 54.88.36.36:54284: tls: unsupported SSLv2 handshake received
2021/06/20 13:50:31 /usr/lib/golang/src/net/http/server.go:3095: http: TLS handshake error from 54.88.36.36:54288: tls: unsupported SSLv2 handshake received
2021/06/20 13:50:31 /usr/lib/golang/src/net/http/server.go:3095: http: TLS handshake error from 54.88.36.36:54292: tls: unsupported SSLv2 handshake received
2021/06/20 13:50:31 /usr/lib/golang/src/net/http/server.go:3095: http: TLS handshake error from 54.88.36.36:54290: tls: unsupported SSLv2 handshake received
2021/06/20 13:50:31 /usr/lib/golang/src/net/http/server.go:3095: http: TLS handshake error from 54.88.36.36:54298: tls: unsupported SSLv2 handshake received
2021/06/20 13:50:31 /usr/lib/golang/src/net/http/server.go:3095: http: TLS handshake error from 54.88.36.36:54294: tls: unsupported SSLv2 handshake received
2021/06/20 13:50:31 /usr/lib/golang/src/net/http/server.go:3095: http: TLS handshake error from 54.88.36.36:54296: tls: unsupported SSLv2 handshake received
2021/06/20 13:50:31 /usr/lib/golang/src/net/http/server.go:3095: http: TLS handshake error from 54.88.36.36:54432: local error: tls: unexpected message
2021/06/20 13:50:32 /usr/lib/golang/src/net/http/server.go:3095: http: TLS handshake error from 54.88.36.36:54764: tls: client offered only unsupported versions: [304]
2021/06/20 13:50:32 /usr/lib/golang/src/net/http/server.go:3095: http: TLS handshake error from 54.88.36.36:54766: tls: client offered only unsupported versions: [304]
2021/06/20 13:50:32 /usr/lib/golang/src/net/http/server.go:3095: http: TLS handshake error from 54.88.36.36:54768: tls: client offered only unsupported versions: [304]
2021/06/20 13:50:32 /usr/lib/golang/src/net/http/server.go:3095: http: TLS handshake error from 54.88.36.36:54770: tls: client offered only unsupported versions: [304]
2021/06/20 13:50:32 /usr/lib/golang/src/net/http/server.go:3095: http: TLS handshake error from 54.88.36.36:54774: tls: client offered only unsupported versions: [304]
2021/06/20 13:50:32 /usr/lib/golang/src/net/http/server.go:3095: http: TLS handshake error from 54.88.36.36:54884: tls: no cipher suite supported by both client and server
2021/06/20 13:50:32 /usr/lib/golang/src/net/http/server.go:3095: http: TLS handshake error from 54.88.36.36:54986: tls: no cipher suite supported by both client and server
2021/06/20 13:50:32 /usr/lib/golang/src/net/http/server.go:3095: http: TLS handshake error from 54.88.36.36:55110: tls: no cipher suite supported by both client and server
2021/06/20 13:50:32 /usr/lib/golang/src/net/http/server.go:3095: http: TLS handshake error from 54.88.36.36:55114: tls: no cipher suite supported by both client and server
2021/06/20 13:50:32 /usr/lib/golang/src/net/http/server.go:3095: http: TLS handshake error from 54.88.36.36:55112: tls: no cipher suite supported by both client and server
2021/06/20 13:50:32 /usr/lib/golang/src/net/http/server.go:3095: http: TLS handshake error from 54.88.36.36:55120: tls: no cipher suite supported by both client and server
2021/06/20 13:50:32 /usr/lib/golang/src/net/http/server.go:3095: http: TLS handshake error from 54.88.36.36:55118: tls: no cipher suite supported by both client and server
2021/06/20 13:50:32 /usr/lib/golang/src/net/http/server.go:3095: http: TLS handshake error from 54.88.36.36:55122: tls: no cipher suite supported by both client and server
2021/06/20 13:50:32 /usr/lib/golang/src/net/http/server.go:3095: http: TLS handshake error from 54.88.36.36:55116: tls: no cipher suite supported by both client and server
2021/06/20 13:50:32 /usr/lib/golang/src/net/http/server.go:3095: http: TLS handshake error from 54.88.36.36:55128: tls: no cipher suite supported by both client and server
2021/06/20 13:50:32 /usr/lib/golang/src/net/http/server.go:3095: http: TLS handshake error from 54.88.36.36:55130: tls: no cipher suite supported by both client and server
2021/06/20 13:50:32 /usr/lib/golang/src/net/http/server.go:3095: http: TLS handshake error from 54.88.36.36:55124: tls: no cipher suite supported by both client and server
2021/06/20 13:50:32 /usr/lib/golang/src/net/http/server.go:3095: http: TLS handshake error from 54.88.36.36:55198: tls: no cipher suite supported by both client and server
2021/06/20 13:50:32 /usr/lib/golang/src/net/http/server.go:3095: http: TLS handshake error from 54.88.36.36:55202: tls: no cipher suite supported by both client and server
2021/06/20 13:50:32 /usr/lib/golang/src/net/http/server.go:3095: http: TLS handshake error from 54.88.36.36:55204: tls: no cipher suite supported by both client and server
2021/06/20 13:50:32 /usr/lib/golang/src/net/http/server.go:3095: http: TLS handshake error from 54.88.36.36:55206: tls: no cipher suite supported by both client and server
2021/06/20 13:50:32 /usr/lib/golang/src/net/http/server.go:3095: http: TLS handshake error from 54.88.36.36:55210: tls: no cipher suite supported by both client and server
2021/06/20 13:50:32 /usr/lib/golang/src/net/http/server.go:3095: http: TLS handshake error from 54.88.36.36:55212: tls: no cipher suite supported by both client and server
2021/06/20 13:50:32 /usr/lib/golang/src/net/http/server.go:3095: http: TLS handshake error from 54.88.36.36:55196: tls: no cipher suite supported by both client and server
2021/06/20 13:50:32 /usr/lib/golang/src/net/http/server.go:3095: http: TLS handshake error from 54.88.36.36:55200: tls: no cipher suite supported by both client and server
2021/06/20 13:50:32 /usr/lib/golang/src/net/http/server.go:3095: http: TLS handshake error from 54.88.36.36:55214: tls: no cipher suite supported by both client and server
2021/06/20 13:50:32 /usr/lib/golang/src/net/http/server.go:3095: http: TLS handshake error from 54.88.36.36:55208: tls: no cipher suite supported by both client and server
2021/06/20 13:50:32 /usr/lib/golang/src/net/http/server.go:3095: http: TLS handshake error from 54.88.36.36:55262: tls: no cipher suite supported by both client and server
2021/06/20 13:50:32 /usr/lib/golang/src/net/http/server.go:3095: http: TLS handshake error from 54.88.36.36:55270: tls: no cipher suite supported by both client and server
2021/06/20 13:50:32 /usr/lib/golang/src/net/http/server.go:3095: http: TLS handshake error from 54.88.36.36:55276: tls: no cipher suite supported by both client and server
2021/06/20 13:50:32 /usr/lib/golang/src/net/http/server.go:3095: http: TLS handshake error from 54.88.36.36:55280: tls: no cipher suite supported by both client and server
2021/06/20 13:50:32 /usr/lib/golang/src/net/http/server.go:3095: http: TLS handshake error from 54.88.36.36:55282: tls: no cipher suite supported by both client and server
2021/06/20 13:50:32 /usr/lib/golang/src/net/http/server.go:3095: http: TLS handshake error from 54.88.36.36:55286: tls: no cipher suite supported by both client and server
2021/06/20 13:50:32 /usr/lib/golang/src/net/http/server.go:3095: http: TLS handshake error from 54.88.36.36:55284: tls: no cipher suite supported by both client and server
2021/06/20 13:50:32 /usr/lib/golang/src/net/http/server.go:3095: http: TLS handshake error from 54.88.36.36:55266: tls: no cipher suite supported by both client and server
2021/06/20 13:50:32 /usr/lib/golang/src/net/http/server.go:3095: http: TLS handshake error from 54.88.36.36:55288: remote error: tls: internal error
2021/06/20 13:50:32 /usr/lib/golang/src/net/http/server.go:3095: http: TLS handshake error from 54.88.36.36:55314: tls: no cipher suite supported by both client and server
2021/06/20 13:50:32 /usr/lib/golang/src/net/http/server.go:3095: http: TLS handshake error from 54.88.36.36:55360: tls: no cipher suite supported by both client and server
2021/06/20 13:50:32 /usr/lib/golang/src/net/http/server.go:3095: http: TLS handshake error from 54.88.36.36:55364: tls: no cipher suite supported by both client and server
2021/06/20 13:50:32 /usr/lib/golang/src/net/http/server.go:3095: http: TLS handshake error from 54.88.36.36:55358: tls: no cipher suite supported by both client and server
2021/06/20 13:50:32 /usr/lib/golang/src/net/http/server.go:3095: http: TLS handshake error from 54.88.36.36:55366: tls: no cipher suite supported by both client and server
2021/06/20 13:50:32 /usr/lib/golang/src/net/http/server.go:3095: http: TLS handshake error from 54.88.36.36:55368: tls: no cipher suite supported by both client and server
2021/06/20 13:50:32 /usr/lib/golang/src/net/http/server.go:3095: http: TLS handshake error from 54.88.36.36:55370: tls: no cipher suite supported by both client and server
2021/06/20 13:50:32 /usr/lib/golang/src/net/http/server.go:3095: http: TLS handshake error from 54.88.36.36:55362: tls: no cipher suite supported by both client and server
2021/06/20 13:50:32 /usr/lib/golang/src/net/http/server.go:3095: http: TLS handshake error from 54.88.36.36:55372: tls: no cipher suite supported by both client and server
2021/06/20 13:50:32 /usr/lib/golang/src/net/http/server.go:3095: http: TLS handshake error from 54.88.36.36:55420: tls: no cipher suite supported by both client and server
2021/06/20 13:50:33 /usr/lib/golang/src/net/http/server.go:3095: http: TLS handshake error from 54.88.36.36:55448: tls: no cipher suite supported by both client and server
2021/06/20 13:50:33 /usr/lib/golang/src/net/http/server.go:3095: http: TLS handshake error from 54.88.36.36:55450: tls: no cipher suite supported by both client and server
2021/06/20 13:50:33 /usr/lib/golang/src/net/http/server.go:3095: http: TLS handshake error from 54.88.36.36:55452: tls: no cipher suite supported by both client and server
2021/06/20 13:50:33 /usr/lib/golang/src/net/http/server.go:3095: http: TLS handshake error from 54.88.36.36:55456: tls: no cipher suite supported by both client and server
2021/06/20 13:50:33 /usr/lib/golang/src/net/http/server.go:3095: http: TLS handshake error from 54.88.36.36:55460: tls: no cipher suite supported by both client and server
2021/06/20 13:50:33 /usr/lib/golang/src/net/http/server.go:3095: http: TLS handshake error from 54.88.36.36:55462: tls: no cipher suite supported by both client and server
2021/06/20 13:50:33 /usr/lib/golang/src/net/http/server.go:3095: http: TLS handshake error from 54.88.36.36:55464: tls: no cipher suite supported by both client and server
2021/06/20 13:50:33 /usr/lib/golang/src/net/http/server.go:3095: http: TLS handshake error from 54.88.36.36:55468: tls: no cipher suite supported by both client and server
2021/06/20 13:50:33 /usr/lib/golang/src/net/http/server.go:3095: http: TLS handshake error from 54.88.36.36:55458: tls: no cipher suite supported by both client and server
2021/06/20 13:50:33 /usr/lib/golang/src/net/http/server.go:3095: http: TLS handshake error from 54.88.36.36:55504: tls: no cipher suite supported by both client and server
2021/06/20 13:50:33 /usr/lib/golang/src/net/http/server.go:3095: http: TLS handshake error from 54.88.36.36:55520: tls: no cipher suite supported by both client and server
2021/06/20 13:50:33 /usr/lib/golang/src/net/http/server.go:3095: http: TLS handshake error from 54.88.36.36:55522: tls: no cipher suite supported by both client and server
2021/06/20 13:50:33 /usr/lib/golang/src/net/http/server.go:3095: http: TLS handshake error from 54.88.36.36:55516: tls: no cipher suite supported by both client and server
2021/06/20 13:50:33 /usr/lib/golang/src/net/http/server.go:3095: http: TLS handshake error from 54.88.36.36:55526: tls: no cipher suite supported by both client and server
2021/06/20 13:50:33 /usr/lib/golang/src/net/http/server.go:3095: http: TLS handshake error from 54.88.36.36:55528: tls: no cipher suite supported by both client and server
2021/06/20 13:50:33 /usr/lib/golang/src/net/http/server.go:3095: http: TLS handshake error from 54.88.36.36:55518: tls: no cipher suite supported by both client and server
2021/06/20 13:50:33 /usr/lib/golang/src/net/http/server.go:3095: http: TLS handshake error from 54.88.36.36:55532: tls: no cipher suite supported by both client and server
2021/06/20 13:50:33 /usr/lib/golang/src/net/http/server.go:3095: http: TLS handshake error from 54.88.36.36:55530: tls: no cipher suite supported by both client and server
2021/06/20 13:50:33 /usr/lib/golang/src/net/http/server.go:3095: http: TLS handshake error from 54.88.36.36:55534: tls: no cipher suite supported by both client and server
2021/06/20 13:50:33 /usr/lib/golang/src/net/http/server.go:3095: http: TLS handshake error from 54.88.36.36:55552: tls: no cipher suite supported by both client and server
2021/06/20 13:50:33 /usr/lib/golang/src/net/http/server.go:3095: http: TLS handshake error from 54.88.36.36:55574: tls: no cipher suite supported by both client and server
2021/06/20 13:50:33 /usr/lib/golang/src/net/http/server.go:3095: http: TLS handshake error from 54.88.36.36:55576: tls: no cipher suite supported by both client and server
2021/06/20 13:50:33 /usr/lib/golang/src/net/http/server.go:3095: http: TLS handshake error from 54.88.36.36:55578: tls: no cipher suite supported by both client and server
2021/06/20 13:50:33 /usr/lib/golang/src/net/http/server.go:3095: http: TLS handshake error from 54.88.36.36:55580: tls: no cipher suite supported by both client and server
2021/06/20 13:50:33 /usr/lib/golang/src/net/http/server.go:3095: http: TLS handshake error from 54.88.36.36:55584: tls: no cipher suite supported by both client and server
2021/06/20 13:50:33 /usr/lib/golang/src/net/http/server.go:3095: http: TLS handshake error from 54.88.36.36:55586: tls: no cipher suite supported by both client and server
2021/06/20 13:50:33 /usr/lib/golang/src/net/http/server.go:3095: http: TLS handshake error from 54.88.36.36:55590: tls: no cipher suite supported by both client and server
2021/06/20 13:50:33 /usr/lib/golang/src/net/http/server.go:3095: http: TLS handshake error from 54.88.36.36:55582: tls: no cipher suite supported by both client and server
2021/06/20 13:50:33 /usr/lib/golang/src/net/http/server.go:3095: http: TLS handshake error from 54.88.36.36:55614: tls: no cipher suite supported by both client and server
2021/06/20 13:50:33 /usr/lib/golang/src/net/http/server.go:3095: http: TLS handshake error from 54.88.36.36:55636: tls: no cipher suite supported by both client and server
2021/06/20 13:50:33 /usr/lib/golang/src/net/http/server.go:3095: http: TLS handshake error from 54.88.36.36:55634: tls: no cipher suite supported by both client and server
2021/06/20 13:50:33 /usr/lib/golang/src/net/http/server.go:3095: http: TLS handshake error from 54.88.36.36:55640: tls: no cipher suite supported by both client and server
2021/06/20 13:50:33 /usr/lib/golang/src/net/http/server.go:3095: http: TLS handshake error from 54.88.36.36:55638: tls: no cipher suite supported by both client and server
2021/06/20 13:50:33 /usr/lib/golang/src/net/http/server.go:3095: http: TLS handshake error from 54.88.36.36:55646: tls: no cipher suite supported by both client and server
2021/06/20 13:50:33 /usr/lib/golang/src/net/http/server.go:3095: http: TLS handshake error from 54.88.36.36:55642: tls: no cipher suite supported by both client and server
2021/06/20 13:50:33 /usr/lib/golang/src/net/http/server.go:3095: http: TLS handshake error from 54.88.36.36:55644: tls: no cipher suite supported by both client and server
2021/06/20 13:50:33 /usr/lib/golang/src/net/http/server.go:3095: http: TLS handshake error from 54.88.36.36:55652: tls: no cipher suite supported by both client and server
2021/06/20 13:50:33 /usr/lib/golang/src/net/http/server.go:3095: http: TLS handshake error from 54.88.36.36:55672: tls: no cipher suite supported by both client and server
2021/06/20 13:50:33 /usr/lib/golang/src/net/http/server.go:3095: http: TLS handshake error from 54.88.36.36:55674: tls: no cipher suite supported by both client and server
2021/06/20 13:50:33 /usr/lib/golang/src/net/http/server.go:3095: http: TLS handshake error from 54.88.36.36:55676: tls: no cipher suite supported by both client and server
2021/06/20 13:50:33 /usr/lib/golang/src/net/http/server.go:3095: http: TLS handshake error from 54.88.36.36:55670: tls: no cipher suite supported by both client and server
2021/06/20 13:50:33 /usr/lib/golang/src/net/http/server.go:3095: http: TLS handshake error from 54.88.36.36:55680: tls: no cipher suite supported by both client and server
2021/06/20 13:50:33 /usr/lib/golang/src/net/http/server.go:3095: http: TLS handshake error from 54.88.36.36:55678: tls: no cipher suite supported by both client and server
2021/06/20 13:50:33 /usr/lib/golang/src/net/http/server.go:3095: http: TLS handshake error from 54.88.36.36:55682: tls: no cipher suite supported by both client and server
2021/06/20 13:50:33 /usr/lib/golang/src/net/http/server.go:3095: http: TLS handshake error from 54.88.36.36:55686: tls: no cipher suite supported by both client and server
2021/06/20 13:50:33 /usr/lib/golang/src/net/http/server.go:3095: http: TLS handshake error from 54.88.36.36:55690: tls: no cipher suite supported by both client and server
2021/06/20 13:50:33 /usr/lib/golang/src/net/http/server.go:3095: http: TLS handshake error from 54.88.36.36:55718: tls: no cipher suite supported by both client and server
2021/06/20 13:50:33 /usr/lib/golang/src/net/http/server.go:3095: http: TLS handshake error from 54.88.36.36:55716: tls: no cipher suite supported by both client and server
2021/06/20 13:50:33 /usr/lib/golang/src/net/http/server.go:3095: http: TLS handshake error from 54.88.36.36:55722: tls: no cipher suite supported by both client and server
2021/06/20 13:50:33 /usr/lib/golang/src/net/http/server.go:3095: http: TLS handshake error from 54.88.36.36:55724: tls: no cipher suite supported by both client and server
2021/06/20 13:50:33 /usr/lib/golang/src/net/http/server.go:3095: http: TLS handshake error from 54.88.36.36:55720: tls: no cipher suite supported by both client and server
2021/06/20 13:50:33 /usr/lib/golang/src/net/http/server.go:3095: http: TLS handshake error from 54.88.36.36:55726: tls: no cipher suite supported by both client and server
2021/06/20 13:50:33 /usr/lib/golang/src/net/http/server.go:3095: http: TLS handshake error from 54.88.36.36:55728: tls: no cipher suite supported by both client and server
2021/06/20 13:50:33 /usr/lib/golang/src/net/http/server.go:3095: http: TLS handshake error from 54.88.36.36:55730: tls: no cipher suite supported by both client and server
2021/06/20 13:50:33 /usr/lib/golang/src/net/http/server.go:3095: http: TLS handshake error from 54.88.36.36:55742: tls: no cipher suite supported by both client and server
2021/06/20 13:50:33 /usr/lib/golang/src/net/http/server.go:3095: http: TLS handshake error from 54.88.36.36:55744: tls: no cipher suite supported by both client and server
2021/06/20 13:50:33 /usr/lib/golang/src/net/http/server.go:3095: http: TLS handshake error from 54.88.36.36:55764: tls: no cipher suite supported by both client and server
2021/06/20 13:50:33 /usr/lib/golang/src/net/http/server.go:3095: http: TLS handshake error from 54.88.36.36:55766: tls: no cipher suite supported by both client and server
2021/06/20 13:50:33 /usr/lib/golang/src/net/http/server.go:3095: http: TLS handshake error from 54.88.36.36:55772: tls: no cipher suite supported by both client and server
2021/06/20 13:50:33 /usr/lib/golang/src/net/http/server.go:3095: http: TLS handshake error from 54.88.36.36:55774: tls: no cipher suite supported by both client and server
2021/06/20 13:50:33 /usr/lib/golang/src/net/http/server.go:3095: http: TLS handshake error from 54.88.36.36:55768: tls: no cipher suite supported by both client and server
2021/06/20 13:50:33 /usr/lib/golang/src/net/http/server.go:3095: http: TLS handshake error from 54.88.36.36:55770: tls: no cipher suite supported by both client and server
2021/06/20 13:50:33 /usr/lib/golang/src/net/http/server.go:3095: http: TLS handshake error from 54.88.36.36:55778: tls: no cipher suite supported by both client and server
2021/06/20 13:50:33 /usr/lib/golang/src/net/http/server.go:3095: http: TLS handshake error from 54.88.36.36:55788: tls: no cipher suite supported by both client and server
2021/06/20 13:50:33 /usr/lib/golang/src/net/http/server.go:3095: http: TLS handshake error from 54.88.36.36:55792: tls: no cipher suite supported by both client and server
2021/06/20 13:50:33 /usr/lib/golang/src/net/http/server.go:3095: http: TLS handshake error from 54.88.36.36:55794: tls: no cipher suite supported by both client and server
2021/06/20 13:50:33 /usr/lib/golang/src/net/http/server.go:3095: http: TLS handshake error from 54.88.36.36:55820: tls: no cipher suite supported by both client and server
2021/06/20 13:50:33 /usr/lib/golang/src/net/http/server.go:3095: http: TLS handshake error from 54.88.36.36:55816: tls: no cipher suite supported by both client and server
2021/06/20 13:50:33 /usr/lib/golang/src/net/http/server.go:3095: http: TLS handshake error from 54.88.36.36:55822: tls: no cipher suite supported by both client and server
2021/06/20 13:50:33 /usr/lib/golang/src/net/http/server.go:3095: http: TLS handshake error from 54.88.36.36:55832: tls: no cipher suite supported by both client and server
2021/06/20 13:50:33 /usr/lib/golang/src/net/http/server.go:3095: http: TLS handshake error from 54.88.36.36:55830: tls: no cipher suite supported by both client and server
2021/06/20 13:50:33 /usr/lib/golang/src/net/http/server.go:3095: http: TLS handshake error from 54.88.36.36:55826: tls: no cipher suite supported by both client and server
2021/06/20 13:50:33 /usr/lib/golang/src/net/http/server.go:3095: http: TLS handshake error from 54.88.36.36:55848: tls: no cipher suite supported by both client and server
2021/06/20 13:50:33 /usr/lib/golang/src/net/http/server.go:3095: http: TLS handshake error from 54.88.36.36:55858: tls: no cipher suite supported by both client and server
2021/06/20 13:50:33 /usr/lib/golang/src/net/http/server.go:3095: http: TLS handshake error from 54.88.36.36:55860: tls: no cipher suite supported by both client and server
2021/06/20 13:50:33 /usr/lib/golang/src/net/http/server.go:3095: http: TLS handshake error from 54.88.36.36:55864: tls: no cipher suite supported by both client and server
2021/06/20 13:50:34 /usr/lib/golang/src/net/http/server.go:3095: http: TLS handshake error from 54.88.36.36:55886: tls: no cipher suite supported by both client and server
2021/06/20 13:50:34 /usr/lib/golang/src/net/http/server.go:3095: http: TLS handshake error from 54.88.36.36:55888: tls: no cipher suite supported by both client and server
2021/06/20 13:50:34 /usr/lib/golang/src/net/http/server.go:3095: http: TLS handshake error from 54.88.36.36:55890: tls: no cipher suite supported by both client and server
2021/06/20 13:50:34 /usr/lib/golang/src/net/http/server.go:3095: http: TLS handshake error from 54.88.36.36:55884: tls: no cipher suite supported by both client and server
2021/06/20 13:50:34 /usr/lib/golang/src/net/http/server.go:3095: http: TLS handshake error from 54.88.36.36:55892: tls: no cipher suite supported by both client and server
2021/06/20 13:50:34 /usr/lib/golang/src/net/http/server.go:3095: http: TLS handshake error from 54.88.36.36:55894: tls: no cipher suite supported by both client and server
2021/06/20 13:50:34 /usr/lib/golang/src/net/http/server.go:3095: http: TLS handshake error from 54.88.36.36:55900: tls: no cipher suite supported by both client and server
2021/06/20 13:50:34 /usr/lib/golang/src/net/http/server.go:3095: http: TLS handshake error from 54.88.36.36:55902: tls: no cipher suite supported by both client and server
2021/06/20 13:50:34 /usr/lib/golang/src/net/http/server.go:3095: http: TLS handshake error from 54.88.36.36:55918: tls: no cipher suite supported by both client and server
2021/06/20 13:50:34 /usr/lib/golang/src/net/http/server.go:3095: http: TLS handshake error from 54.88.36.36:55920: tls: no cipher suite supported by both client and server
2021/06/20 13:50:34 /usr/lib/golang/src/net/http/server.go:3095: http: TLS handshake error from 54.88.36.36:55964: tls: no cipher suite supported by both client and server
2021/06/20 13:50:34 /usr/lib/golang/src/net/http/server.go:3095: http: TLS handshake error from 54.88.36.36:55966: tls: no cipher suite supported by both client and server
2021/06/20 13:50:34 /usr/lib/golang/src/net/http/server.go:3095: http: TLS handshake error from 54.88.36.36:55970: tls: no cipher suite supported by both client and server
2021/06/20 13:50:34 /usr/lib/golang/src/net/http/server.go:3095: http: TLS handshake error from 54.88.36.36:55968: tls: no cipher suite supported by both client and server
2021/06/20 13:50:34 /usr/lib/golang/src/net/http/server.go:3095: http: TLS handshake error from 54.88.36.36:55972: tls: no cipher suite supported by both client and server
2021/06/20 13:50:34 /usr/lib/golang/src/net/http/server.go:3095: http: TLS handshake error from 54.88.36.36:55974: tls: no cipher suite supported by both client and server
2021/06/20 13:50:34 /usr/lib/golang/src/net/http/server.go:3095: http: TLS handshake error from 54.88.36.36:55976: tls: no cipher suite supported by both client and server
2021/06/20 13:50:34 /usr/lib/golang/src/net/http/server.go:3095: http: TLS handshake error from 54.88.36.36:55978: tls: no cipher suite supported by both client and server
2021/06/20 13:50:34 /usr/lib/golang/src/net/http/server.go:3095: http: TLS handshake error from 54.88.36.36:55996: tls: no cipher suite supported by both client and server
2021/06/20 13:50:34 /usr/lib/golang/src/net/http/server.go:3095: http: TLS handshake error from 54.88.36.36:56008: tls: no cipher suite supported by both client and server
2021/06/20 13:50:34 /usr/lib/golang/src/net/http/server.go:3095: http: TLS handshake error from 54.88.36.36:56050: remote error: tls: internal error
2021/06/20 13:50:34 /usr/lib/golang/src/net/http/server.go:3095: http: TLS handshake error from 54.88.36.36:56052: tls: no cipher suite supported by both client and server
2021/06/20 13:50:34 /usr/lib/golang/src/net/http/server.go:3095: http: TLS handshake error from 54.88.36.36:56048: tls: no cipher suite supported by both client and server
2021/06/20 13:50:34 /usr/lib/golang/src/net/http/server.go:3095: http: TLS handshake error from 54.88.36.36:56058: tls: no cipher suite supported by both client and server
2021/06/20 13:50:34 /usr/lib/golang/src/net/http/server.go:3095: http: TLS handshake error from 54.88.36.36:56054: tls: no cipher suite supported by both client and server
2021/06/20 13:50:34 /usr/lib/golang/src/net/http/server.go:3095: http: TLS handshake error from 54.88.36.36:56060: tls: no cipher suite supported by both client and server
2021/06/20 13:50:34 /usr/lib/golang/src/net/http/server.go:3095: http: TLS handshake error from 54.88.36.36:56056: tls: no cipher suite supported by both client and server
2021/06/20 13:50:34 /usr/lib/golang/src/net/http/server.go:3095: http: TLS handshake error from 54.88.36.36:56076: tls: no cipher suite supported by both client and server
2021/06/20 13:50:34 /usr/lib/golang/src/net/http/server.go:3095: http: TLS handshake error from 54.88.36.36:56082: tls: no cipher suite supported by both client and server
2021/06/20 13:50:34 /usr/lib/golang/src/net/http/server.go:3095: http: TLS handshake error from 54.88.36.36:56086: tls: no cipher suite supported by both client and server
2021/06/20 13:50:34 /usr/lib/golang/src/net/http/server.go:3095: http: TLS handshake error from 54.88.36.36:56084: tls: no cipher suite supported by both client and server
2021/06/20 13:50:34 /usr/lib/golang/src/net/http/server.go:3095: http: TLS handshake error from 54.88.36.36:56118: tls: no cipher suite supported by both client and server
2021/06/20 13:50:34 /usr/lib/golang/src/net/http/server.go:3095: http: TLS handshake error from 54.88.36.36:56120: tls: no cipher suite supported by both client and server
2021/06/20 13:50:34 /usr/lib/golang/src/net/http/server.go:3095: http: TLS handshake error from 54.88.36.36:56122: tls: no cipher suite supported by both client and server
2021/06/20 13:50:34 /usr/lib/golang/src/net/http/server.go:3095: http: TLS handshake error from 54.88.36.36:56130: tls: no cipher suite supported by both client and server
2021/06/20 13:50:34 /usr/lib/golang/src/net/http/server.go:3095: http: TLS handshake error from 54.88.36.36:56128: tls: no cipher suite supported by both client and server
2021/06/20 13:50:34 /usr/lib/golang/src/net/http/server.go:3095: http: TLS handshake error from 54.88.36.36:56126: tls: no cipher suite supported by both client and server
2021/06/20 13:50:34 /usr/lib/golang/src/net/http/server.go:3095: http: TLS handshake error from 54.88.36.36:56132: tls: no cipher suite supported by both client and server
2021/06/20 13:50:34 /usr/lib/golang/src/net/http/server.go:3095: http: TLS handshake error from 54.88.36.36:56144: tls: no cipher suite supported by both client and server
2021/06/20 13:50:34 /usr/lib/golang/src/net/http/server.go:3095: http: TLS handshake error from 54.88.36.36:56164: tls: no cipher suite supported by both client and server
2021/06/20 13:50:34 /usr/lib/golang/src/net/http/server.go:3095: http: TLS handshake error from 54.88.36.36:56162: tls: no cipher suite supported by both client and server
2021/06/20 13:50:34 /usr/lib/golang/src/net/http/server.go:3095: http: TLS handshake error from 54.88.36.36:56196: tls: no cipher suite supported by both client and server
2021/06/20 13:50:35 /usr/lib/golang/src/net/http/server.go:3095: http: TLS handshake error from 54.88.36.36:56544: local error: tls: unexpected message
2021/06/20 13:50:35 /usr/lib/golang/src/net/http/server.go:3095: http: TLS handshake error from 54.88.36.36:56608: EOF
2021/06/20 13:50:35 /usr/lib/golang/src/net/http/server.go:3095: http: TLS handshake error from 54.88.36.36:56610: EOF
2021/06/20 13:50:35 /usr/lib/golang/src/net/http/server.go:3095: http: TLS handshake error from 54.88.36.36:56618: tls: client offered only unsupported versions: [302 301]
2021/06/20 13:50:35 /usr/lib/golang/src/net/http/server.go:3095: http: TLS handshake error from 54.88.36.36:56620: tls: client offered only unsupported versions: [302 301]
2021/06/20 13:50:35 /usr/lib/golang/src/net/http/server.go:3095: http: TLS handshake error from 54.88.36.36:56630: EOF
2021/06/20 13:50:35 /usr/lib/golang/src/net/http/server.go:3095: http: TLS handshake error from 54.88.36.36:56632: EOF
2021/06/20 13:50:35 /usr/lib/golang/src/net/http/server.go:3095: http: TLS handshake error from 54.88.36.36:56634: EOF
2021/06/20 13:50:35 /usr/lib/golang/src/net/http/server.go:3095: http: TLS handshake error from 54.88.36.36:56614: EOF
2021/06/20 13:50:35 /usr/lib/golang/src/net/http/server.go:3095: http: TLS handshake error from 54.88.36.36:56612: EOF
2021/06/20 13:50:35 /usr/lib/golang/src/net/http/server.go:3095: http: TLS handshake error from 54.88.36.36:56626: EOF
2021/06/20 13:50:35 /usr/lib/golang/src/net/http/server.go:3095: http: TLS handshake error from 54.88.36.36:56660: EOF
2021/06/20 13:50:35 /usr/lib/golang/src/net/http/server.go:3095: http: TLS handshake error from 54.88.36.36:56662: EOF
2021/06/20 13:50:35 /usr/lib/golang/src/net/http/server.go:3095: http: TLS handshake error from 54.88.36.36:56664: EOF
2021/06/20 13:50:35 /usr/lib/golang/src/net/http/server.go:3095: http: TLS handshake error from 54.88.36.36:56668: tls: client offered only unsupported versions: [302 301]
2021/06/20 13:50:35 /usr/lib/golang/src/net/http/server.go:3095: http: TLS handshake error from 54.88.36.36:56666: tls: client offered only unsupported versions: [302 301]
2021/06/20 13:50:35 /usr/lib/golang/src/net/http/server.go:3095: http: TLS handshake error from 54.88.36.36:56672: tls: client offered only unsupported versions: [302 301]
2021/06/20 13:50:35 /usr/lib/golang/src/net/http/server.go:3095: http: TLS handshake error from 54.88.36.36:56658: EOF
2021/06/20 13:50:35 /usr/lib/golang/src/net/http/server.go:3095: http: TLS handshake error from 54.88.36.36:56670: tls: client offered only unsupported versions: [302 301]
2021/06/20 13:50:35 /usr/lib/golang/src/net/http/server.go:3095: http: TLS handshake error from 54.88.36.36:56684: tls: client offered only unsupported versions: [302 301]
2021/06/20 13:50:35 /usr/lib/golang/src/net/http/server.go:3095: http: TLS handshake error from 54.88.36.36:56686: tls: client offered only unsupported versions: [302 301]
2021/06/20 13:50:35 /usr/lib/golang/src/net/http/server.go:3095: http: TLS handshake error from 54.88.36.36:56696: EOF
2021/06/20 13:50:35 /usr/lib/golang/src/net/http/server.go:3095: http: TLS handshake error from 54.88.36.36:56692: tls: client offered only unsupported versions: [302 301]
2021/06/20 13:50:35 /usr/lib/golang/src/net/http/server.go:3095: http: TLS handshake error from 54.88.36.36:56694: tls: client offered only unsupported versions: [302 301]
2021/06/20 13:50:35 /usr/lib/golang/src/net/http/server.go:3095: http: TLS handshake error from 54.88.36.36:56690: tls: client offered only unsupported versions: [302 301]
2021/06/20 13:50:35 /usr/lib/golang/src/net/http/server.go:3095: http: TLS handshake error from 54.88.36.36:56704: tls: client offered only unsupported versions: [302 301]
2021/06/20 13:50:35 /usr/lib/golang/src/net/http/server.go:3095: http: TLS handshake error from 54.88.36.36:56712: EOF
2021/06/20 13:50:35 /usr/lib/golang/src/net/http/server.go:3095: http: TLS handshake error from 54.88.36.36:56702: EOF
2021/06/20 13:50:35 /usr/lib/golang/src/net/http/server.go:3095: http: TLS handshake error from 54.88.36.36:56724: EOF
2021/06/20 13:50:35 /usr/lib/golang/src/net/http/server.go:3095: http: TLS handshake error from 54.88.36.36:56706: tls: client offered only unsupported versions: [302 301]
2021/06/20 13:50:35 /usr/lib/golang/src/net/http/server.go:3095: http: TLS handshake error from 54.88.36.36:56748: EOF
2021/06/20 13:50:35 /usr/lib/golang/src/net/http/server.go:3095: http: TLS handshake error from 54.88.36.36:56750: EOF
2021/06/20 13:50:35 /usr/lib/golang/src/net/http/server.go:3095: http: TLS handshake error from 54.88.36.36:56754: tls: client offered only unsupported versions: [302 301]
2021/06/20 13:50:35 /usr/lib/golang/src/net/http/server.go:3095: http: TLS handshake error from 54.88.36.36:56756: EOF
2021/06/20 13:50:35 /usr/lib/golang/src/net/http/server.go:3095: http: TLS handshake error from 54.88.36.36:56760: tls: client offered only unsupported versions: [302 301]
2021/06/20 13:50:35 /usr/lib/golang/src/net/http/server.go:3095: http: TLS handshake error from 54.88.36.36:56758: EOF
2021/06/20 13:50:35 /usr/lib/golang/src/net/http/server.go:3095: http: TLS handshake error from 54.88.36.36:56752: tls: client offered only unsupported versions: [302 301]
2021/06/20 13:50:35 /usr/lib/golang/src/net/http/server.go:3095: http: TLS handshake error from 54.88.36.36:56762: tls: client offered only unsupported versions: [302 301]
2021/06/20 13:50:35 /usr/lib/golang/src/net/http/server.go:3095: http: TLS handshake error from 54.88.36.36:56820: EOF
2021/06/20 13:50:35 /usr/lib/golang/src/net/http/server.go:3095: http: TLS handshake error from 54.88.36.36:56826: EOF
2021/06/20 13:50:35 /usr/lib/golang/src/net/http/server.go:3095: http: TLS handshake error from 54.88.36.36:56828: EOF
2021/06/20 13:50:35 /usr/lib/golang/src/net/http/server.go:3095: http: TLS handshake error from 54.88.36.36:56832: tls: client offered only unsupported versions: [302 301]
2021/06/20 13:50:35 /usr/lib/golang/src/net/http/server.go:3095: http: TLS handshake error from 54.88.36.36:56830: EOF
2021/06/20 13:50:35 /usr/lib/golang/src/net/http/server.go:3095: http: TLS handshake error from 54.88.36.36:56834: tls: client offered only unsupported versions: [302 301]
2021/06/20 13:50:35 /usr/lib/golang/src/net/http/server.go:3095: http: TLS handshake error from 54.88.36.36:56882: EOF
2021/06/20 13:50:35 /usr/lib/golang/src/net/http/server.go:3095: http: TLS handshake error from 54.88.36.36:56886: EOF
2021/06/20 13:50:35 /usr/lib/golang/src/net/http/server.go:3095: http: TLS handshake error from 54.88.36.36:56884: EOF
2021/06/20 13:50:35 /usr/lib/golang/src/net/http/server.go:3095: http: TLS handshake error from 54.88.36.36:56894: EOF
2021/06/20 13:50:35 /usr/lib/golang/src/net/http/server.go:3095: http: TLS handshake error from 54.88.36.36:56896: EOF
2021/06/20 13:50:35 /usr/lib/golang/src/net/http/server.go:3095: http: TLS handshake error from 54.88.36.36:56900: EOF
2021/06/20 13:50:35 /usr/lib/golang/src/net/http/server.go:3095: http: TLS handshake error from 54.88.36.36:56898: EOF
2021/06/20 13:50:35 /usr/lib/golang/src/net/http/server.go:3095: http: TLS handshake error from 54.88.36.36:56888: EOF
2021/06/20 13:50:35 /usr/lib/golang/src/net/http/server.go:3095: http: TLS handshake error from 54.88.36.36:56950: tls: client offered only unsupported versions: [302 301]
2021/06/20 13:50:35 /usr/lib/golang/src/net/http/server.go:3095: http: TLS handshake error from 54.88.36.36:56958: tls: client offered only unsupported versions: [302 301]
2021/06/20 13:50:35 /usr/lib/golang/src/net/http/server.go:3095: http: TLS handshake error from 54.88.36.36:56962: tls: client offered only unsupported versions: [302 301]
2021/06/20 13:50:35 /usr/lib/golang/src/net/http/server.go:3095: http: TLS handshake error from 54.88.36.36:56970: tls: client offered only unsupported versions: [302 301]
2021/06/20 13:50:35 /usr/lib/golang/src/net/http/server.go:3095: http: TLS handshake error from 54.88.36.36:56982: tls: client offered only unsupported versions: [302 301]
2021/06/20 13:50:35 /usr/lib/golang/src/net/http/server.go:3095: http: TLS handshake error from 54.88.36.36:56976: tls: client offered only unsupported versions: [302 301]
2021/06/20 13:50:35 /usr/lib/golang/src/net/http/server.go:3095: http: TLS handshake error from 54.88.36.36:56972: tls: client offered only unsupported versions: [302 301]
2021/06/20 13:50:35 /usr/lib/golang/src/net/http/server.go:3095: http: TLS handshake error from 54.88.36.36:56980: tls: client offered only unsupported versions: [302 301]
2021/06/20 13:50:35 /usr/lib/golang/src/net/http/server.go:3095: http: TLS handshake error from 54.88.36.36:56984: tls: client offered only unsupported versions: [302 301]
2021/06/20 13:50:35 /usr/lib/golang/src/net/http/server.go:3095: http: TLS handshake error from 54.88.36.36:56978: tls: client offered only unsupported versions: [302 301]
2021/06/20 13:50:36 /usr/lib/golang/src/net/http/server.go:3095: http: TLS handshake error from 54.88.36.36:57070: tls: client offered only unsupported versions: [302 301]
2021/06/20 13:50:36 /usr/lib/golang/src/net/http/server.go:3095: http: TLS handshake error from 54.88.36.36:57082: tls: client offered only unsupported versions: [302 301]
2021/06/20 13:50:36 /usr/lib/golang/src/net/http/server.go:3095: http: TLS handshake error from 54.88.36.36:57076: tls: client offered only unsupported versions: [302 301]
2021/06/20 13:50:36 /usr/lib/golang/src/net/http/server.go:3095: http: TLS handshake error from 54.88.36.36:57104: tls: client offered only unsupported versions: [302 301]
2021/06/20 13:50:36 /usr/lib/golang/src/net/http/server.go:3095: http: TLS handshake error from 54.88.36.36:57084: EOF
2021/06/20 13:50:36 /usr/lib/golang/src/net/http/server.go:3095: http: TLS handshake error from 54.88.36.36:57090: EOF
2021/06/20 13:50:36 /usr/lib/golang/src/net/http/server.go:3095: http: TLS handshake error from 54.88.36.36:57110: EOF
2021/06/20 13:50:36 /usr/lib/golang/src/net/http/server.go:3095: http: TLS handshake error from 54.88.36.36:57094: tls: client offered only unsupported versions: [302 301]
2021/06/20 13:50:36 /usr/lib/golang/src/net/http/server.go:3095: http: TLS handshake error from 54.88.36.36:57100: tls: client offered only unsupported versions: [302 301]
2021/06/20 13:50:36 /usr/lib/golang/src/net/http/server.go:3095: http: TLS handshake error from 54.88.36.36:57106: EOF
2021/06/20 13:50:36 /usr/lib/golang/src/net/http/server.go:3095: http: TLS handshake error from 54.88.36.36:57160: EOF
2021/06/20 13:50:36 /usr/lib/golang/src/net/http/server.go:3095: http: TLS handshake error from 54.88.36.36:57162: EOF
2021/06/20 13:50:36 /usr/lib/golang/src/net/http/server.go:3095: http: TLS handshake error from 54.88.36.36:57164: tls: client offered only unsupported versions: [302 301]
2021/06/20 13:50:36 /usr/lib/golang/src/net/http/server.go:3095: http: TLS handshake error from 54.88.36.36:57166: tls: client offered only unsupported versions: [302 301]
2021/06/20 13:50:36 /usr/lib/golang/src/net/http/server.go:3095: http: TLS handshake error from 54.88.36.36:57200: EOF
2021/06/20 13:50:36 /usr/lib/golang/src/net/http/server.go:3095: http: TLS handshake error from 54.88.36.36:57210: EOF
2021/06/20 13:50:36 /usr/lib/golang/src/net/http/server.go:3095: http: TLS handshake error from 54.88.36.36:57212: tls: client offered only unsupported versions: [302 301]
2021/06/20 13:50:36 /usr/lib/golang/src/net/http/server.go:3095: http: TLS handshake error from 54.88.36.36:57216: tls: client offered only unsupported versions: [302 301]
2021/06/20 13:50:36 /usr/lib/golang/src/net/http/server.go:3095: http: TLS handshake error from 54.88.36.36:57222: tls: client offered only unsupported versions: [302 301]
2021/06/20 13:50:36 /usr/lib/golang/src/net/http/server.go:3095: http: TLS handshake error from 54.88.36.36:57226: tls: client offered only unsupported versions: [302 301]
2021/06/20 13:50:36 /usr/lib/golang/src/net/http/server.go:3095: http: TLS handshake error from 54.88.36.36:57220: tls: client offered only unsupported versions: [302 301]
2021/06/20 13:50:36 /usr/lib/golang/src/net/http/server.go:3095: http: TLS handshake error from 54.88.36.36:57228: tls: client offered only unsupported versions: [302 301]
2021/06/20 13:50:36 /usr/lib/golang/src/net/http/server.go:3095: http: TLS handshake error from 54.88.36.36:57258: tls: client offered only unsupported versions: [302 301]
2021/06/20 13:50:36 /usr/lib/golang/src/net/http/server.go:3095: http: TLS handshake error from 54.88.36.36:57268: tls: client offered only unsupported versions: [302 301]
2021/06/20 13:50:36 /usr/lib/golang/src/net/http/server.go:3095: http: TLS handshake error from 54.88.36.36:57272: tls: client offered only unsupported versions: [302 301]
2021/06/20 13:50:36 /usr/lib/golang/src/net/http/server.go:3095: http: TLS handshake error from 54.88.36.36:57270: tls: client offered only unsupported versions: [302 301]
2021/06/20 13:50:36 /usr/lib/golang/src/net/http/server.go:3095: http: TLS handshake error from 54.88.36.36:57306: tls: client offered only unsupported versions: [302 301]
2021/06/20 13:50:36 /usr/lib/golang/src/net/http/server.go:3095: http: TLS handshake error from 54.88.36.36:57308: tls: client offered only unsupported versions: [302 301]
2021/06/20 13:50:36 /usr/lib/golang/src/net/http/server.go:3095: http: TLS handshake error from 54.88.36.36:57310: tls: client offered only unsupported versions: [302 301]
2021/06/20 13:50:36 /usr/lib/golang/src/net/http/server.go:3095: http: TLS handshake error from 54.88.36.36:57312: tls: client offered only unsupported versions: [302 301]
2021/06/20 13:50:36 /usr/lib/golang/src/net/http/server.go:3095: http: TLS handshake error from 54.88.36.36:57318: tls: client offered only unsupported versions: [302 301]
2021/06/20 13:50:36 /usr/lib/golang/src/net/http/server.go:3095: http: TLS handshake error from 54.88.36.36:57314: tls: client offered only unsupported versions: [302 301]
2021/06/20 13:50:36 /usr/lib/golang/src/net/http/server.go:3095: http: TLS handshake error from 54.88.36.36:57330: tls: client offered only unsupported versions: [302 301]
2021/06/20 13:50:36 /usr/lib/golang/src/net/http/server.go:3095: http: TLS handshake error from 54.88.36.36:57338: tls: client offered only unsupported versions: [302 301]
2021/06/20 13:50:36 /usr/lib/golang/src/net/http/server.go:3095: http: TLS handshake error from 54.88.36.36:57340: tls: client offered only unsupported versions: [302 301]
2021/06/20 13:50:36 /usr/lib/golang/src/net/http/server.go:3095: http: TLS handshake error from 54.88.36.36:57342: tls: client offered only unsupported versions: [302 301]
2021/06/20 13:50:36 /usr/lib/golang/src/net/http/server.go:3095: http: TLS handshake error from 54.88.36.36:57370: tls: client offered only unsupported versions: [302 301]
2021/06/20 13:50:36 /usr/lib/golang/src/net/http/server.go:3095: http: TLS handshake error from 54.88.36.36:57372: tls: client offered only unsupported versions: [302 301]
2021/06/20 13:50:36 /usr/lib/golang/src/net/http/server.go:3095: http: TLS handshake error from 54.88.36.36:57376: tls: client offered only unsupported versions: [302 301]
2021/06/20 13:50:36 /usr/lib/golang/src/net/http/server.go:3095: http: TLS handshake error from 54.88.36.36:57374: tls: client offered only unsupported versions: [302 301]
2021/06/20 13:50:36 /usr/lib/golang/src/net/http/server.go:3095: http: TLS handshake error from 54.88.36.36:57380: tls: client offered only unsupported versions: [302 301]
2021/06/20 13:50:36 /usr/lib/golang/src/net/http/server.go:3095: http: TLS handshake error from 54.88.36.36:57382: tls: client offered only unsupported versions: [302 301]
2021/06/20 13:50:36 /usr/lib/golang/src/net/http/server.go:3095: http: TLS handshake error from 54.88.36.36:57410: tls: client offered only unsupported versions: [302 301]
2021/06/20 13:50:36 /usr/lib/golang/src/net/http/server.go:3095: http: TLS handshake error from 54.88.36.36:57412: tls: client offered only unsupported versions: [302 301]
2021/06/20 13:50:36 /usr/lib/golang/src/net/http/server.go:3095: http: TLS handshake error from 54.88.36.36:57414: tls: client offered only unsupported versions: [302 301]
2021/06/20 13:50:36 /usr/lib/golang/src/net/http/server.go:3095: http: TLS handshake error from 54.88.36.36:57416: tls: client offered only unsupported versions: [302 301]
2021/06/20 13:50:36 /usr/lib/golang/src/net/http/server.go:3095: http: TLS handshake error from 54.88.36.36:57420: tls: client offered only unsupported versions: [302 301]
2021/06/20 13:50:36 /usr/lib/golang/src/net/http/server.go:3095: http: TLS handshake error from 54.88.36.36:57424: tls: client offered only unsupported versions: [302 301]
2021/06/20 13:50:36 /usr/lib/golang/src/net/http/server.go:3095: http: TLS handshake error from 54.88.36.36:57432: tls: client offered only unsupported versions: [302 301]
2021/06/20 13:50:36 /usr/lib/golang/src/net/http/server.go:3095: http: TLS handshake error from 54.88.36.36:57444: tls: client offered only unsupported versions: [302 301]
2021/06/20 13:50:36 /usr/lib/golang/src/net/http/server.go:3095: http: TLS handshake error from 54.88.36.36:57442: tls: client offered only unsupported versions: [302 301]
2021/06/20 13:50:36 /usr/lib/golang/src/net/http/server.go:3095: http: TLS handshake error from 54.88.36.36:57446: tls: client offered only unsupported versions: [302 301]
2021/06/20 13:50:36 /usr/lib/golang/src/net/http/server.go:3095: http: TLS handshake error from 54.88.36.36:57454: tls: client offered only unsupported versions: [302 301]
2021/06/20 13:50:36 /usr/lib/golang/src/net/http/server.go:3095: http: TLS handshake error from 54.88.36.36:57456: tls: client offered only unsupported versions: [302 301]
2021/06/20 13:50:36 /usr/lib/golang/src/net/http/server.go:3095: http: TLS handshake error from 54.88.36.36:57460: tls: client offered only unsupported versions: [302 301]
2021/06/20 13:50:36 /usr/lib/golang/src/net/http/server.go:3095: http: TLS handshake error from 54.88.36.36:57462: tls: client offered only unsupported versions: [302 301]
2021/06/20 13:50:36 /usr/lib/golang/src/net/http/server.go:3095: http: TLS handshake error from 54.88.36.36:57468: tls: client offered only unsupported versions: [302 301]
2021/06/20 13:50:36 /usr/lib/golang/src/net/http/server.go:3095: http: TLS handshake error from 54.88.36.36:57470: EOF
2021/06/20 13:50:36 /usr/lib/golang/src/net/http/server.go:3095: http: TLS handshake error from 54.88.36.36:57472: tls: client offered only unsupported versions: [302 301]
2021/06/20 13:50:36 /usr/lib/golang/src/net/http/server.go:3095: http: TLS handshake error from 54.88.36.36:57474: tls: client offered only unsupported versions: [302 301]
2021/06/20 13:50:37 /usr/lib/golang/src/net/http/server.go:3095: http: TLS handshake error from 54.88.36.36:57756: EOF
2021/06/20 13:50:37 /usr/lib/golang/src/net/http/server.go:3095: http: TLS handshake error from 54.88.36.36:57754: EOF
2021/06/20 13:50:37 /usr/lib/golang/src/net/http/server.go:3095: http: TLS handshake error from 54.88.36.36:57760: tls: client offered only unsupported versions: [301]
2021/06/20 13:50:37 /usr/lib/golang/src/net/http/server.go:3095: http: TLS handshake error from 54.88.36.36:57762: EOF
2021/06/20 13:50:37 /usr/lib/golang/src/net/http/server.go:3095: http: TLS handshake error from 54.88.36.36:57766: EOF
2021/06/20 13:50:37 /usr/lib/golang/src/net/http/server.go:3095: http: TLS handshake error from 54.88.36.36:57768: EOF
2021/06/20 13:50:37 /usr/lib/golang/src/net/http/server.go:3095: http: TLS handshake error from 54.88.36.36:57750: EOF
2021/06/20 13:50:37 /usr/lib/golang/src/net/http/server.go:3095: http: TLS handshake error from 54.88.36.36:57752: EOF
2021/06/20 13:50:37 /usr/lib/golang/src/net/http/server.go:3095: http: TLS handshake error from 54.88.36.36:57758: tls: client offered only unsupported versions: [301]
2021/06/20 13:50:37 /usr/lib/golang/src/net/http/server.go:3095: http: TLS handshake error from 54.88.36.36:57764: EOF
2021/06/20 13:50:37 /usr/lib/golang/src/net/http/server.go:3095: http: TLS handshake error from 54.88.36.36:57784: EOF
2021/06/20 13:50:37 /usr/lib/golang/src/net/http/server.go:3095: http: TLS handshake error from 54.88.36.36:57786: EOF
2021/06/20 13:50:37 /usr/lib/golang/src/net/http/server.go:3095: http: TLS handshake error from 54.88.36.36:57790: EOF
2021/06/20 13:50:37 /usr/lib/golang/src/net/http/server.go:3095: http: TLS handshake error from 54.88.36.36:57792: tls: client offered only unsupported versions: [301]
2021/06/20 13:50:37 /usr/lib/golang/src/net/http/server.go:3095: http: TLS handshake error from 54.88.36.36:57798: tls: client offered only unsupported versions: [301]
2021/06/20 13:50:37 /usr/lib/golang/src/net/http/server.go:3095: http: TLS handshake error from 54.88.36.36:57800: tls: client offered only unsupported versions: [301]
2021/06/20 13:50:37 /usr/lib/golang/src/net/http/server.go:3095: http: TLS handshake error from 54.88.36.36:57788: EOF
2021/06/20 13:50:37 /usr/lib/golang/src/net/http/server.go:3095: http: TLS handshake error from 54.88.36.36:57794: tls: client offered only unsupported versions: [301]
2021/06/20 13:50:37 /usr/lib/golang/src/net/http/server.go:3095: http: TLS handshake error from 54.88.36.36:57816: tls: client offered only unsupported versions: [301]
2021/06/20 13:50:37 /usr/lib/golang/src/net/http/server.go:3095: http: TLS handshake error from 54.88.36.36:57820: tls: client offered only unsupported versions: [301]
2021/06/20 13:50:37 /usr/lib/golang/src/net/http/server.go:3095: http: TLS handshake error from 54.88.36.36:57822: tls: client offered only unsupported versions: [301]
2021/06/20 13:50:37 /usr/lib/golang/src/net/http/server.go:3095: http: TLS handshake error from 54.88.36.36:57824: tls: client offered only unsupported versions: [301]
2021/06/20 13:50:37 /usr/lib/golang/src/net/http/server.go:3095: http: TLS handshake error from 54.88.36.36:57826: tls: client offered only unsupported versions: [301]
2021/06/20 13:50:37 /usr/lib/golang/src/net/http/server.go:3095: http: TLS handshake error from 54.88.36.36:57828: EOF
2021/06/20 13:50:38 /usr/lib/golang/src/net/http/server.go:3095: http: TLS handshake error from 54.88.36.36:57852: tls: client offered only unsupported versions: [301]
2021/06/20 13:50:38 /usr/lib/golang/src/net/http/server.go:3095: http: TLS handshake error from 54.88.36.36:57860: EOF
2021/06/20 13:50:38 /usr/lib/golang/src/net/http/server.go:3095: http: TLS handshake error from 54.88.36.36:57864: EOF
2021/06/20 13:50:38 /usr/lib/golang/src/net/http/server.go:3095: http: TLS handshake error from 54.88.36.36:57846: EOF
2021/06/20 13:50:38 /usr/lib/golang/src/net/http/server.go:3095: http: TLS handshake error from 54.88.36.36:57848: tls: client offered only unsupported versions: [301]
2021/06/20 13:50:38 /usr/lib/golang/src/net/http/server.go:3095: http: TLS handshake error from 54.88.36.36:57872: EOF
2021/06/20 13:50:38 /usr/lib/golang/src/net/http/server.go:3095: http: TLS handshake error from 54.88.36.36:57874: EOF
2021/06/20 13:50:38 /usr/lib/golang/src/net/http/server.go:3095: http: TLS handshake error from 54.88.36.36:57878: tls: client offered only unsupported versions: [301]
2021/06/20 13:50:38 /usr/lib/golang/src/net/http/server.go:3095: http: TLS handshake error from 54.88.36.36:57880: EOF
2021/06/20 13:50:38 /usr/lib/golang/src/net/http/server.go:3095: http: TLS handshake error from 54.88.36.36:57884: EOF
2021/06/20 13:50:38 /usr/lib/golang/src/net/http/server.go:3095: http: TLS handshake error from 54.88.36.36:57888: tls: client offered only unsupported versions: [301]
2021/06/20 13:50:38 /usr/lib/golang/src/net/http/server.go:3095: http: TLS handshake error from 54.88.36.36:57890: tls: client offered only unsupported versions: [301]
2021/06/20 13:50:38 /usr/lib/golang/src/net/http/server.go:3095: http: TLS handshake error from 54.88.36.36:57876: tls: client offered only unsupported versions: [301]
2021/06/20 13:50:38 /usr/lib/golang/src/net/http/server.go:3095: http: TLS handshake error from 54.88.36.36:58070: EOF
2021/06/20 13:50:38 /usr/lib/golang/src/net/http/server.go:3095: http: TLS handshake error from 54.88.36.36:58088: EOF
2021/06/20 13:50:38 /usr/lib/golang/src/net/http/server.go:3095: http: TLS handshake error from 54.88.36.36:58082: EOF
2021/06/20 13:50:38 /usr/lib/golang/src/net/http/server.go:3095: http: TLS handshake error from 54.88.36.36:58074: EOF
2021/06/20 13:50:38 /usr/lib/golang/src/net/http/server.go:3095: http: TLS handshake error from 54.88.36.36:58094: tls: client offered only unsupported versions: [301]
2021/06/20 13:50:38 /usr/lib/golang/src/net/http/server.go:3095: http: TLS handshake error from 54.88.36.36:58106: tls: client offered only unsupported versions: [301]
2021/06/20 13:50:38 /usr/lib/golang/src/net/http/server.go:3095: http: TLS handshake error from 54.88.36.36:58210: EOF
2021/06/20 13:50:38 /usr/lib/golang/src/net/http/server.go:3095: http: TLS handshake error from 54.88.36.36:58214: EOF
2021/06/20 13:50:38 /usr/lib/golang/src/net/http/server.go:3095: http: TLS handshake error from 54.88.36.36:58220: EOF
2021/06/20 13:50:38 /usr/lib/golang/src/net/http/server.go:3095: http: TLS handshake error from 54.88.36.36:58218: EOF
2021/06/20 13:50:38 /usr/lib/golang/src/net/http/server.go:3095: http: TLS handshake error from 54.88.36.36:58240: EOF
2021/06/20 13:50:38 /usr/lib/golang/src/net/http/server.go:3095: http: TLS handshake error from 54.88.36.36:58224: EOF
2021/06/20 13:50:38 /usr/lib/golang/src/net/http/server.go:3095: http: TLS handshake error from 54.88.36.36:58232: EOF
2021/06/20 13:50:38 /usr/lib/golang/src/net/http/server.go:3095: http: TLS handshake error from 54.88.36.36:58238: EOF
2021/06/20 13:50:38 /usr/lib/golang/src/net/http/server.go:3095: http: TLS handshake error from 54.88.36.36:58462: tls: client offered only unsupported versions: [301]
2021/06/20 13:50:38 /usr/lib/golang/src/net/http/server.go:3095: http: TLS handshake error from 54.88.36.36:58468: tls: client offered only unsupported versions: [301]
2021/06/20 13:50:38 /usr/lib/golang/src/net/http/server.go:3095: http: TLS handshake error from 54.88.36.36:58476: tls: client offered only unsupported versions: [301]
2021/06/20 13:50:38 /usr/lib/golang/src/net/http/server.go:3095: http: TLS handshake error from 54.88.36.36:58482: tls: client offered only unsupported versions: [301]
2021/06/20 13:50:38 /usr/lib/golang/src/net/http/server.go:3095: http: TLS handshake error from 54.88.36.36:58498: tls: client offered only unsupported versions: [301]
2021/06/20 13:50:38 /usr/lib/golang/src/net/http/server.go:3095: http: TLS handshake error from 54.88.36.36:58504: tls: client offered only unsupported versions: [301]
2021/06/20 13:50:38 /usr/lib/golang/src/net/http/server.go:3095: http: TLS handshake error from 54.88.36.36:58508: tls: client offered only unsupported versions: [301]
2021/06/20 13:50:38 /usr/lib/golang/src/net/http/server.go:3095: http: TLS handshake error from 54.88.36.36:58512: tls: client offered only unsupported versions: [301]
2021/06/20 13:50:38 /usr/lib/golang/src/net/http/server.go:3095: http: TLS handshake error from 54.88.36.36:58490: tls: client offered only unsupported versions: [301]
2021/06/20 13:50:38 /usr/lib/golang/src/net/http/server.go:3095: http: TLS handshake error from 54.88.36.36:58528: tls: client offered only unsupported versions: [301]
2021/06/20 13:50:38 /usr/lib/golang/src/net/http/server.go:3095: http: TLS handshake error from 54.88.36.36:58590: tls: client offered only unsupported versions: [301]
2021/06/20 13:50:38 /usr/lib/golang/src/net/http/server.go:3095: http: TLS handshake error from 54.88.36.36:58588: tls: client offered only unsupported versions: [301]
2021/06/20 13:50:38 /usr/lib/golang/src/net/http/server.go:3095: http: TLS handshake error from 54.88.36.36:58592: EOF
2021/06/20 13:50:38 /usr/lib/golang/src/net/http/server.go:3095: http: TLS handshake error from 54.88.36.36:58586: tls: client offered only unsupported versions: [301]
2021/06/20 13:50:38 /usr/lib/golang/src/net/http/server.go:3095: http: TLS handshake error from 54.88.36.36:58594: EOF
2021/06/20 13:50:38 /usr/lib/golang/src/net/http/server.go:3095: http: TLS handshake error from 54.88.36.36:58600: tls: client offered only unsupported versions: [301]
2021/06/20 13:50:38 /usr/lib/golang/src/net/http/server.go:3095: http: TLS handshake error from 54.88.36.36:58602: tls: client offered only unsupported versions: [301]
2021/06/20 13:50:38 /usr/lib/golang/src/net/http/server.go:3095: http: TLS handshake error from 54.88.36.36:58606: EOF
2021/06/20 13:50:38 /usr/lib/golang/src/net/http/server.go:3095: http: TLS handshake error from 54.88.36.36:58604: tls: client offered only unsupported versions: [301]
2021/06/20 13:50:38 /usr/lib/golang/src/net/http/server.go:3095: http: TLS handshake error from 54.88.36.36:58616: EOF
2021/06/20 13:50:38 /usr/lib/golang/src/net/http/server.go:3095: http: TLS handshake error from 54.88.36.36:58642: EOF
2021/06/20 13:50:38 /usr/lib/golang/src/net/http/server.go:3095: http: TLS handshake error from 54.88.36.36:58646: tls: client offered only unsupported versions: [301]
2021/06/20 13:50:38 /usr/lib/golang/src/net/http/server.go:3095: http: TLS handshake error from 54.88.36.36:58644: EOF
2021/06/20 13:50:38 /usr/lib/golang/src/net/http/server.go:3095: http: TLS handshake error from 54.88.36.36:58648: tls: client offered only unsupported versions: [301]
2021/06/20 13:50:38 /usr/lib/golang/src/net/http/server.go:3095: http: TLS handshake error from 54.88.36.36:58658: EOF
2021/06/20 13:50:38 /usr/lib/golang/src/net/http/server.go:3095: http: TLS handshake error from 54.88.36.36:58656: EOF
2021/06/20 13:50:38 /usr/lib/golang/src/net/http/server.go:3095: http: TLS handshake error from 54.88.36.36:58660: tls: client offered only unsupported versions: [301]
2021/06/20 13:50:38 /usr/lib/golang/src/net/http/server.go:3095: http: TLS handshake error from 54.88.36.36:58662: tls: client offered only unsupported versions: [301]
2021/06/20 13:50:38 /usr/lib/golang/src/net/http/server.go:3095: http: TLS handshake error from 54.88.36.36:58666: tls: client offered only unsupported versions: [301]
2021/06/20 13:50:38 /usr/lib/golang/src/net/http/server.go:3095: http: TLS handshake error from 54.88.36.36:58668: tls: client offered only unsupported versions: [301]
2021/06/20 13:50:38 /usr/lib/golang/src/net/http/server.go:3095: http: TLS handshake error from 54.88.36.36:58672: tls: client offered only unsupported versions: [301]
2021/06/20 13:50:38 /usr/lib/golang/src/net/http/server.go:3095: http: TLS handshake error from 54.88.36.36:58664: tls: client offered only unsupported versions: [301]
2021/06/20 13:50:38 /usr/lib/golang/src/net/http/server.go:3095: http: TLS handshake error from 54.88.36.36:58696: tls: client offered only unsupported versions: [301]
2021/06/20 13:50:38 /usr/lib/golang/src/net/http/server.go:3095: http: TLS handshake error from 54.88.36.36:58698: tls: client offered only unsupported versions: [301]
2021/06/20 13:50:38 /usr/lib/golang/src/net/http/server.go:3095: http: TLS handshake error from 54.88.36.36:58702: tls: client offered only unsupported versions: [301]
2021/06/20 13:50:38 /usr/lib/golang/src/net/http/server.go:3095: http: TLS handshake error from 54.88.36.36:58706: tls: client offered only unsupported versions: [301]
2021/06/20 13:50:38 /usr/lib/golang/src/net/http/server.go:3095: http: TLS handshake error from 54.88.36.36:58728: tls: client offered only unsupported versions: [301]
2021/06/20 13:50:38 /usr/lib/golang/src/net/http/server.go:3095: http: TLS handshake error from 54.88.36.36:58724: tls: client offered only unsupported versions: [301]
2021/06/20 13:50:38 /usr/lib/golang/src/net/http/server.go:3095: http: TLS handshake error from 54.88.36.36:58726: tls: client offered only unsupported versions: [301]
2021/06/20 13:50:38 /usr/lib/golang/src/net/http/server.go:3095: http: TLS handshake error from 54.88.36.36:58730: tls: client offered only unsupported versions: [301]
2021/06/20 13:50:38 /usr/lib/golang/src/net/http/server.go:3095: http: TLS handshake error from 54.88.36.36:58732: tls: client offered only unsupported versions: [301]
2021/06/20 13:50:38 /usr/lib/golang/src/net/http/server.go:3095: http: TLS handshake error from 54.88.36.36:58734: tls: client offered only unsupported versions: [301]
2021/06/20 13:50:38 /usr/lib/golang/src/net/http/server.go:3095: http: TLS handshake error from 54.88.36.36:58740: tls: client offered only unsupported versions: [301]
2021/06/20 13:50:38 /usr/lib/golang/src/net/http/server.go:3095: http: TLS handshake error from 54.88.36.36:58742: tls: client offered only unsupported versions: [301]
2021/06/20 13:50:38 /usr/lib/golang/src/net/http/server.go:3095: http: TLS handshake error from 54.88.36.36:58754: tls: client offered only unsupported versions: [301]
2021/06/20 13:50:38 /usr/lib/golang/src/net/http/server.go:3095: http: TLS handshake error from 54.88.36.36:58744: tls: client offered only unsupported versions: [301]
2021/06/20 13:50:38 /usr/lib/golang/src/net/http/server.go:3095: http: TLS handshake error from 54.88.36.36:58766: tls: client offered only unsupported versions: [301]
2021/06/20 13:50:38 /usr/lib/golang/src/net/http/server.go:3095: http: TLS handshake error from 54.88.36.36:58770: tls: client offered only unsupported versions: [301]
2021/06/20 13:50:38 /usr/lib/golang/src/net/http/server.go:3095: http: TLS handshake error from 54.88.36.36:58768: tls: client offered only unsupported versions: [301]
2021/06/20 13:50:38 /usr/lib/golang/src/net/http/server.go:3095: http: TLS handshake error from 54.88.36.36:58772: tls: client offered only unsupported versions: [301]
2021/06/20 13:50:38 /usr/lib/golang/src/net/http/server.go:3095: http: TLS handshake error from 54.88.36.36:58776: tls: client offered only unsupported versions: [301]
2021/06/20 13:50:38 /usr/lib/golang/src/net/http/server.go:3095: http: TLS handshake error from 54.88.36.36:58774: tls: client offered only unsupported versions: [301]
2021/06/20 13:50:38 /usr/lib/golang/src/net/http/server.go:3095: http: TLS handshake error from 54.88.36.36:58784: tls: client offered only unsupported versions: [301]
2021/06/20 13:50:38 /usr/lib/golang/src/net/http/server.go:3095: http: TLS handshake error from 54.88.36.36:58788: tls: client offered only unsupported versions: [301]
2021/06/20 13:50:38 /usr/lib/golang/src/net/http/server.go:3095: http: TLS handshake error from 54.88.36.36:58790: tls: client offered only unsupported versions: [301]
2021/06/20 13:50:38 /usr/lib/golang/src/net/http/server.go:3095: http: TLS handshake error from 54.88.36.36:58792: tls: client offered only unsupported versions: [301]
2021/06/20 13:50:38 /usr/lib/golang/src/net/http/server.go:3095: http: TLS handshake error from 54.88.36.36:58802: tls: client offered only unsupported versions: [301]
2021/06/20 13:50:38 /usr/lib/golang/src/net/http/server.go:3095: http: TLS handshake error from 54.88.36.36:58804: tls: client offered only unsupported versions: [301]
2021/06/20 13:50:38 /usr/lib/golang/src/net/http/server.go:3095: http: TLS handshake error from 54.88.36.36:58806: tls: client offered only unsupported versions: [301]
2021/06/20 13:50:38 /usr/lib/golang/src/net/http/server.go:3095: http: TLS handshake error from 54.88.36.36:58808: tls: client offered only unsupported versions: [301]
2021/06/20 13:50:38 /usr/lib/golang/src/net/http/server.go:3095: http: TLS handshake error from 54.88.36.36:58810: tls: client offered only unsupported versions: [301]
2021/06/20 13:50:38 /usr/lib/golang/src/net/http/server.go:3095: http: TLS handshake error from 54.88.36.36:58814: tls: client offered only unsupported versions: [301]
2021/06/20 13:50:38 /usr/lib/golang/src/net/http/server.go:3095: http: TLS handshake error from 54.88.36.36:58824: tls: client offered only unsupported versions: [301]
2021/06/20 13:50:38 /usr/lib/golang/src/net/http/server.go:3095: http: TLS handshake error from 54.88.36.36:58826: tls: client offered only unsupported versions: [301]
2021/06/20 13:50:39 /usr/lib/golang/src/net/http/server.go:3095: http: TLS handshake error from 54.88.36.36:58828: tls: client offered only unsupported versions: [301]
2021/06/20 13:50:39 /usr/lib/golang/src/net/http/server.go:3095: http: TLS handshake error from 54.88.36.36:58830: tls: client offered only unsupported versions: [301]
2021/06/20 13:50:39 /usr/lib/golang/src/net/http/server.go:3095: http: TLS handshake error from 54.88.36.36:58836: tls: client offered only unsupported versions: [301]
2021/06/20 13:50:39 /usr/lib/golang/src/net/http/server.go:3095: http: TLS handshake error from 54.88.36.36:58838: EOF
2021/06/20 13:50:39 /usr/lib/golang/src/net/http/server.go:3095: http: TLS handshake error from 54.88.36.36:58840: tls: client offered only unsupported versions: [301]
2021/06/20 13:50:39 /usr/lib/golang/src/net/http/server.go:3095: http: TLS handshake error from 54.88.36.36:58842: tls: client offered only unsupported versions: [301]
2021/06/20 13:50:39 /usr/lib/golang/src/net/http/server.go:3095: http: TLS handshake error from 54.88.36.36:58870: tls: client offered only unsupported versions: [302 301]
2021/06/20 13:50:39 /usr/lib/golang/src/net/http/server.go:3095: http: TLS handshake error from 54.88.36.36:58920: EOF
2021/06/20 13:50:39 /usr/lib/golang/src/net/http/server.go:3095: http: TLS handshake error from 54.88.36.36:58922: EOF
2021/06/20 13:50:39 /usr/lib/golang/src/net/http/server.go:3095: http: TLS handshake error from 54.88.36.36:58916: EOF
2021/06/20 13:50:39 /usr/lib/golang/src/net/http/server.go:3095: http: TLS handshake error from 54.88.36.36:58924: tls: client offered only unsupported versions: []
2021/06/20 13:50:39 /usr/lib/golang/src/net/http/server.go:3095: http: TLS handshake error from 54.88.36.36:58930: EOF
2021/06/20 13:50:39 /usr/lib/golang/src/net/http/server.go:3095: http: TLS handshake error from 54.88.36.36:58928: EOF
2021/06/20 13:50:39 /usr/lib/golang/src/net/http/server.go:3095: http: TLS handshake error from 54.88.36.36:58926: EOF
2021/06/20 13:50:39 /usr/lib/golang/src/net/http/server.go:3095: http: TLS handshake error from 54.88.36.36:58912: EOF
2021/06/20 13:50:39 /usr/lib/golang/src/net/http/server.go:3095: http: TLS handshake error from 54.88.36.36:58914: EOF
2021/06/20 13:50:39 /usr/lib/golang/src/net/http/server.go:3095: http: TLS handshake error from 54.88.36.36:58918: tls: client offered only unsupported versions: []
2021/06/20 13:50:39 /usr/lib/golang/src/net/http/server.go:3095: http: TLS handshake error from 54.88.36.36:58958: EOF
2021/06/20 13:50:39 /usr/lib/golang/src/net/http/server.go:3095: http: TLS handshake error from 54.88.36.36:58960: EOF
2021/06/20 13:50:39 /usr/lib/golang/src/net/http/server.go:3095: http: TLS handshake error from 54.88.36.36:58962: EOF
2021/06/20 13:50:39 /usr/lib/golang/src/net/http/server.go:3095: http: TLS handshake error from 54.88.36.36:58968: tls: client offered only unsupported versions: []
2021/06/20 13:50:39 /usr/lib/golang/src/net/http/server.go:3095: http: TLS handshake error from 54.88.36.36:58966: tls: client offered only unsupported versions: []
2021/06/20 13:50:39 /usr/lib/golang/src/net/http/server.go:3095: http: TLS handshake error from 54.88.36.36:58970: tls: client offered only unsupported versions: []
2021/06/20 13:50:39 /usr/lib/golang/src/net/http/server.go:3095: http: TLS handshake error from 54.88.36.36:58972: tls: client offered only unsupported versions: []
2021/06/20 13:50:39 /usr/lib/golang/src/net/http/server.go:3095: http: TLS handshake error from 54.88.36.36:58964: EOF
2021/06/20 13:50:39 /usr/lib/golang/src/net/http/server.go:3095: http: TLS handshake error from 54.88.36.36:58976: tls: client offered only unsupported versions: []
2021/06/20 13:50:39 /usr/lib/golang/src/net/http/server.go:3095: http: TLS handshake error from 54.88.36.36:58980: tls: client offered only unsupported versions: []
2021/06/20 13:50:39 /usr/lib/golang/src/net/http/server.go:3095: http: TLS handshake error from 54.88.36.36:58982: tls: client offered only unsupported versions: []
2021/06/20 13:50:39 /usr/lib/golang/src/net/http/server.go:3095: http: TLS handshake error from 54.88.36.36:58978: tls: client offered only unsupported versions: []
2021/06/20 13:50:39 /usr/lib/golang/src/net/http/server.go:3095: http: TLS handshake error from 54.88.36.36:58986: EOF
2021/06/20 13:50:39 /usr/lib/golang/src/net/http/server.go:3095: http: TLS handshake error from 54.88.36.36:58984: tls: client offered only unsupported versions: []
2021/06/20 13:50:39 /usr/lib/golang/src/net/http/server.go:3095: http: TLS handshake error from 54.88.36.36:58998: tls: client offered only unsupported versions: []
2021/06/20 13:50:39 /usr/lib/golang/src/net/http/server.go:3095: http: TLS handshake error from 54.88.36.36:59000: EOF
2021/06/20 13:50:39 /usr/lib/golang/src/net/http/server.go:3095: http: TLS handshake error from 54.88.36.36:59002: EOF
2021/06/20 13:50:39 /usr/lib/golang/src/net/http/server.go:3095: http: TLS handshake error from 54.88.36.36:59004: tls: client offered only unsupported versions: []
2021/06/20 13:50:39 /usr/lib/golang/src/net/http/server.go:3095: http: TLS handshake error from 54.88.36.36:59006: EOF
2021/06/20 13:50:39 /usr/lib/golang/src/net/http/server.go:3095: http: TLS handshake error from 54.88.36.36:59048: EOF
2021/06/20 13:50:39 /usr/lib/golang/src/net/http/server.go:3095: http: TLS handshake error from 54.88.36.36:59054: tls: client offered only unsupported versions: []
2021/06/20 13:50:39 /usr/lib/golang/src/net/http/server.go:3095: http: TLS handshake error from 54.88.36.36:59052: tls: client offered only unsupported versions: []
2021/06/20 13:50:39 /usr/lib/golang/src/net/http/server.go:3095: http: TLS handshake error from 54.88.36.36:59058: EOF
2021/06/20 13:50:39 /usr/lib/golang/src/net/http/server.go:3095: http: TLS handshake error from 54.88.36.36:59050: EOF
2021/06/20 13:50:39 /usr/lib/golang/src/net/http/server.go:3095: http: TLS handshake error from 54.88.36.36:59062: tls: client offered only unsupported versions: []
2021/06/20 13:50:39 /usr/lib/golang/src/net/http/server.go:3095: http: TLS handshake error from 54.88.36.36:59056: EOF
2021/06/20 13:50:39 /usr/lib/golang/src/net/http/server.go:3095: http: TLS handshake error from 54.88.36.36:59060: tls: client offered only unsupported versions: []
2021/06/20 13:50:39 /usr/lib/golang/src/net/http/server.go:3095: http: TLS handshake error from 54.88.36.36:59080: EOF
2021/06/20 13:50:39 /usr/lib/golang/src/net/http/server.go:3095: http: TLS handshake error from 54.88.36.36:59082: EOF
2021/06/20 13:50:39 /usr/lib/golang/src/net/http/server.go:3095: http: TLS handshake error from 54.88.36.36:59086: EOF
2021/06/20 13:50:39 /usr/lib/golang/src/net/http/server.go:3095: http: TLS handshake error from 54.88.36.36:59084: EOF
2021/06/20 13:50:39 /usr/lib/golang/src/net/http/server.go:3095: http: TLS handshake error from 54.88.36.36:59088: tls: client offered only unsupported versions: []
2021/06/20 13:50:39 /usr/lib/golang/src/net/http/server.go:3095: http: TLS handshake error from 54.88.36.36:59096: tls: client offered only unsupported versions: []
2021/06/20 13:50:39 /usr/lib/golang/src/net/http/server.go:3095: http: TLS handshake error from 54.88.36.36:59130: EOF
2021/06/20 13:50:39 /usr/lib/golang/src/net/http/server.go:3095: http: TLS handshake error from 54.88.36.36:59132: EOF
2021/06/20 13:50:39 /usr/lib/golang/src/net/http/server.go:3095: http: TLS handshake error from 54.88.36.36:59134: EOF
2021/06/20 13:50:39 /usr/lib/golang/src/net/http/server.go:3095: http: TLS handshake error from 54.88.36.36:59136: EOF
2021/06/20 13:50:39 /usr/lib/golang/src/net/http/server.go:3095: http: TLS handshake error from 54.88.36.36:59140: EOF
2021/06/20 13:50:39 /usr/lib/golang/src/net/http/server.go:3095: http: TLS handshake error from 54.88.36.36:59142: EOF
2021/06/20 13:50:39 /usr/lib/golang/src/net/http/server.go:3095: http: TLS handshake error from 54.88.36.36:59138: EOF
2021/06/20 13:50:39 /usr/lib/golang/src/net/http/server.go:3095: http: TLS handshake error from 54.88.36.36:59144: EOF
2021/06/20 13:50:39 /usr/lib/golang/src/net/http/server.go:3095: http: TLS handshake error from 54.88.36.36:59150: tls: client offered only unsupported versions: []
2021/06/20 13:50:39 /usr/lib/golang/src/net/http/server.go:3095: http: TLS handshake error from 54.88.36.36:59154: tls: client offered only unsupported versions: []
2021/06/20 13:50:39 /usr/lib/golang/src/net/http/server.go:3095: http: TLS handshake error from 54.88.36.36:59166: tls: client offered only unsupported versions: []
2021/06/20 13:50:39 /usr/lib/golang/src/net/http/server.go:3095: http: TLS handshake error from 54.88.36.36:59168: tls: client offered only unsupported versions: []
2021/06/20 13:50:39 /usr/lib/golang/src/net/http/server.go:3095: http: TLS handshake error from 54.88.36.36:59172: tls: client offered only unsupported versions: []
2021/06/20 13:50:39 /usr/lib/golang/src/net/http/server.go:3095: http: TLS handshake error from 54.88.36.36:59176: tls: client offered only unsupported versions: []
2021/06/20 13:50:39 /usr/lib/golang/src/net/http/server.go:3095: http: TLS handshake error from 54.88.36.36:59162: tls: client offered only unsupported versions: []
2021/06/20 13:50:39 /usr/lib/golang/src/net/http/server.go:3095: http: TLS handshake error from 54.88.36.36:59178: tls: client offered only unsupported versions: []
2021/06/20 13:50:39 /usr/lib/golang/src/net/http/server.go:3095: http: TLS handshake error from 54.88.36.36:59180: tls: client offered only unsupported versions: []
2021/06/20 13:50:39 /usr/lib/golang/src/net/http/server.go:3095: http: TLS handshake error from 54.88.36.36:59174: tls: client offered only unsupported versions: []
2021/06/20 13:50:39 /usr/lib/golang/src/net/http/server.go:3095: http: TLS handshake error from 54.88.36.36:59196: tls: client offered only unsupported versions: []
2021/06/20 13:50:39 /usr/lib/golang/src/net/http/server.go:3095: http: TLS handshake error from 54.88.36.36:59198: tls: client offered only unsupported versions: []
2021/06/20 13:50:39 /usr/lib/golang/src/net/http/server.go:3095: http: TLS handshake error from 54.88.36.36:59200: tls: client offered only unsupported versions: []
2021/06/20 13:50:39 /usr/lib/golang/src/net/http/server.go:3095: http: TLS handshake error from 54.88.36.36:59204: EOF
2021/06/20 13:50:39 /usr/lib/golang/src/net/http/server.go:3095: http: TLS handshake error from 54.88.36.36:59202: EOF
2021/06/20 13:50:39 /usr/lib/golang/src/net/http/server.go:3095: http: TLS handshake error from 54.88.36.36:59210: tls: client offered only unsupported versions: []
2021/06/20 13:50:39 /usr/lib/golang/src/net/http/server.go:3095: http: TLS handshake error from 54.88.36.36:59212: EOF
2021/06/20 13:50:39 /usr/lib/golang/src/net/http/server.go:3095: http: TLS handshake error from 54.88.36.36:59206: tls: client offered only unsupported versions: []
2021/06/20 13:50:39 /usr/lib/golang/src/net/http/server.go:3095: http: TLS handshake error from 54.88.36.36:59208: tls: client offered only unsupported versions: []
2021/06/20 13:50:39 /usr/lib/golang/src/net/http/server.go:3095: http: TLS handshake error from 54.88.36.36:59214: EOF
2021/06/20 13:50:39 /usr/lib/golang/src/net/http/server.go:3095: http: TLS handshake error from 54.88.36.36:59236: EOF
2021/06/20 13:50:39 /usr/lib/golang/src/net/http/server.go:3095: http: TLS handshake error from 54.88.36.36:59238: EOF
2021/06/20 13:50:39 /usr/lib/golang/src/net/http/server.go:3095: http: TLS handshake error from 54.88.36.36:59240: tls: client offered only unsupported versions: []
2021/06/20 13:50:39 /usr/lib/golang/src/net/http/server.go:3095: http: TLS handshake error from 54.88.36.36:59242: tls: client offered only unsupported versions: []
2021/06/20 13:50:40 /usr/lib/golang/src/net/http/server.go:3095: http: TLS handshake error from 54.88.36.36:59252: tls: client offered only unsupported versions: []
2021/06/20 13:50:40 /usr/lib/golang/src/net/http/server.go:3095: http: TLS handshake error from 54.88.36.36:59256: tls: client offered only unsupported versions: []
2021/06/20 13:50:40 /usr/lib/golang/src/net/http/server.go:3095: http: TLS handshake error from 54.88.36.36:59248: EOF
2021/06/20 13:50:40 /usr/lib/golang/src/net/http/server.go:3095: http: TLS handshake error from 54.88.36.36:59250: EOF
2021/06/20 13:50:40 /usr/lib/golang/src/net/http/server.go:3095: http: TLS handshake error from 54.88.36.36:59258: tls: client offered only unsupported versions: []
2021/06/20 13:50:40 /usr/lib/golang/src/net/http/server.go:3095: http: TLS handshake error from 54.88.36.36:59262: tls: client offered only unsupported versions: []
2021/06/20 13:50:40 /usr/lib/golang/src/net/http/server.go:3095: http: TLS handshake error from 54.88.36.36:59264: tls: client offered only unsupported versions: []
2021/06/20 13:50:40 /usr/lib/golang/src/net/http/server.go:3095: http: TLS handshake error from 54.88.36.36:59260: tls: client offered only unsupported versions: []
2021/06/20 13:50:40 /usr/lib/golang/src/net/http/server.go:3095: http: TLS handshake error from 54.88.36.36:59280: tls: client offered only unsupported versions: []
2021/06/20 13:50:40 /usr/lib/golang/src/net/http/server.go:3095: http: TLS handshake error from 54.88.36.36:59282: tls: client offered only unsupported versions: []
2021/06/20 13:50:40 /usr/lib/golang/src/net/http/server.go:3095: http: TLS handshake error from 54.88.36.36:59286: tls: client offered only unsupported versions: []
2021/06/20 13:50:40 /usr/lib/golang/src/net/http/server.go:3095: http: TLS handshake error from 54.88.36.36:59290: tls: client offered only unsupported versions: []
2021/06/20 13:50:40 /usr/lib/golang/src/net/http/server.go:3095: http: TLS handshake error from 54.88.36.36:59294: tls: client offered only unsupported versions: []
2021/06/20 13:50:40 /usr/lib/golang/src/net/http/server.go:3095: http: TLS handshake error from 54.88.36.36:59298: tls: client offered only unsupported versions: []
2021/06/20 13:50:40 /usr/lib/golang/src/net/http/server.go:3095: http: TLS handshake error from 54.88.36.36:59302: tls: client offered only unsupported versions: []
2021/06/20 13:50:40 /usr/lib/golang/src/net/http/server.go:3095: http: TLS handshake error from 54.88.36.36:59308: tls: client offered only unsupported versions: []
2021/06/20 13:50:40 /usr/lib/golang/src/net/http/server.go:3095: http: TLS handshake error from 54.88.36.36:59304: tls: client offered only unsupported versions: []
2021/06/20 13:50:40 /usr/lib/golang/src/net/http/server.go:3095: http: TLS handshake error from 54.88.36.36:59306: tls: client offered only unsupported versions: []
2021/06/20 13:50:40 /usr/lib/golang/src/net/http/server.go:3095: http: TLS handshake error from 54.88.36.36:59338: tls: client offered only unsupported versions: []
2021/06/20 13:50:40 /usr/lib/golang/src/net/http/server.go:3095: http: TLS handshake error from 54.88.36.36:59340: tls: client offered only unsupported versions: []
2021/06/20 13:50:40 /usr/lib/golang/src/net/http/server.go:3095: http: TLS handshake error from 54.88.36.36:59342: tls: client offered only unsupported versions: []
2021/06/20 13:50:40 /usr/lib/golang/src/net/http/server.go:3095: http: TLS handshake error from 54.88.36.36:59344: tls: client offered only unsupported versions: []
2021/06/20 13:50:40 /usr/lib/golang/src/net/http/server.go:3095: http: TLS handshake error from 54.88.36.36:59360: tls: client offered only unsupported versions: []
2021/06/20 13:50:40 /usr/lib/golang/src/net/http/server.go:3095: http: TLS handshake error from 54.88.36.36:59364: tls: client offered only unsupported versions: []
2021/06/20 13:50:40 /usr/lib/golang/src/net/http/server.go:3095: http: TLS handshake error from 54.88.36.36:59368: tls: client offered only unsupported versions: []
2021/06/20 13:50:40 /usr/lib/golang/src/net/http/server.go:3095: http: TLS handshake error from 54.88.36.36:59366: tls: client offered only unsupported versions: []
2021/06/20 13:50:40 /usr/lib/golang/src/net/http/server.go:3095: http: TLS handshake error from 54.88.36.36:59372: tls: client offered only unsupported versions: []
2021/06/20 13:50:40 /usr/lib/golang/src/net/http/server.go:3095: http: TLS handshake error from 54.88.36.36:59370: tls: client offered only unsupported versions: []
2021/06/20 13:50:40 /usr/lib/golang/src/net/http/server.go:3095: http: TLS handshake error from 54.88.36.36:59390: tls: client offered only unsupported versions: []
2021/06/20 13:50:40 /usr/lib/golang/src/net/http/server.go:3095: http: TLS handshake error from 54.88.36.36:59392: tls: client offered only unsupported versions: []
2021/06/20 13:50:40 /usr/lib/golang/src/net/http/server.go:3095: http: TLS handshake error from 54.88.36.36:59396: tls: client offered only unsupported versions: []
2021/06/20 13:50:40 /usr/lib/golang/src/net/http/server.go:3095: http: TLS handshake error from 54.88.36.36:59400: tls: client offered only unsupported versions: []
2021/06/20 13:50:40 /usr/lib/golang/src/net/http/server.go:3095: http: TLS handshake error from 54.88.36.36:59414: tls: client offered only unsupported versions: []
2021/06/20 13:50:40 /usr/lib/golang/src/net/http/server.go:3095: http: TLS handshake error from 54.88.36.36:59418: tls: client offered only unsupported versions: []
2021/06/20 13:50:40 /usr/lib/golang/src/net/http/server.go:3095: http: TLS handshake error from 54.88.36.36:59422: tls: client offered only unsupported versions: []
2021/06/20 13:50:40 /usr/lib/golang/src/net/http/server.go:3095: http: TLS handshake error from 54.88.36.36:59424: tls: client offered only unsupported versions: []
2021/06/20 13:50:40 /usr/lib/golang/src/net/http/server.go:3095: http: TLS handshake error from 54.88.36.36:59428: tls: client offered only unsupported versions: []
2021/06/20 13:50:40 /usr/lib/golang/src/net/http/server.go:3095: http: TLS handshake error from 54.88.36.36:59430: tls: client offered only unsupported versions: []
2021/06/20 13:50:40 /usr/lib/golang/src/net/http/server.go:3095: http: TLS handshake error from 54.88.36.36:59434: tls: client offered only unsupported versions: []
2021/06/20 13:50:40 /usr/lib/golang/src/net/http/server.go:3095: http: TLS handshake error from 54.88.36.36:59436: tls: client offered only unsupported versions: []
2021/06/20 13:50:40 /usr/lib/golang/src/net/http/server.go:3095: http: TLS handshake error from 54.88.36.36:59438: tls: client offered only unsupported versions: []
2021/06/20 13:50:40 /usr/lib/golang/src/net/http/server.go:3095: http: TLS handshake error from 54.88.36.36:59442: tls: client offered only unsupported versions: []
2021/06/20 13:50:40 /usr/lib/golang/src/net/http/server.go:3095: http: TLS handshake error from 54.88.36.36:59448: tls: client offered only unsupported versions: []
2021/06/20 13:50:40 /usr/lib/golang/src/net/http/server.go:3095: http: TLS handshake error from 54.88.36.36:59450: EOF
2021/06/20 13:50:40 /usr/lib/golang/src/net/http/server.go:3095: http: TLS handshake error from 54.88.36.36:59452: tls: client offered only unsupported versions: []
2021/06/20 13:50:40 /usr/lib/golang/src/net/http/server.go:3095: http: TLS handshake error from 54.88.36.36:59454: tls: client offered only unsupported versions: []
2021/06/20 23:33:38 /usr/lib/golang/src/net/http/server.go:3095: http: TLS handshake error from 192.35.168.112:60090: tls: no cipher suite supported by both client and server
